running egg_info
creating ../../build/airhound_perception/airhound_perception.egg-info
writing ../../build/airhound_perception/airhound_perception.egg-info/PKG-INFO
writing dependency_links to ../../build/airhound_perception/airhound_perception.egg-info/dependency_links.txt
writing entry points to ../../build/airhound_perception/airhound_perception.egg-info/entry_points.txt
writing requirements to ../../build/airhound_perception/airhound_perception.egg-info/requires.txt
writing top-level names to ../../build/airhound_perception/airhound_perception.egg-info/top_level.txt
writing manifest file '../../build/airhound_perception/airhound_perception.egg-info/SOURCES.txt'
reading manifest file '../../build/airhound_perception/airhound_perception.egg-info/SOURCES.txt'
writing manifest file '../../build/airhound_perception/airhound_perception.egg-info/SOURCES.txt'
running build
running build_py
creating /home/rylan/Documents/school/EPPL/simulation_workspace/AIRHOUND/ws_ros2/build/airhound_perception/build
creating /home/rylan/Documents/school/EPPL/simulation_workspace/AIRHOUND/ws_ros2/build/airhound_perception/build/lib
creating /home/rylan/Documents/school/EPPL/simulation_workspace/AIRHOUND/ws_ros2/build/airhound_perception/build/lib/airhound_perception
copying airhound_perception/yolo_detector.py -> /home/rylan/Documents/school/EPPL/simulation_workspace/AIRHOUND/ws_ros2/build/airhound_perception/build/lib/airhound_perception
copying airhound_perception/synthetic_camera.py -> /home/rylan/Documents/school/EPPL/simulation_workspace/AIRHOUND/ws_ros2/build/airhound_perception/build/lib/airhound_perception
copying airhound_perception/detector_node.py -> /home/rylan/Documents/school/EPPL/simulation_workspace/AIRHOUND/ws_ros2/build/airhound_perception/build/lib/airhound_perception
copying airhound_perception/__init__.py -> /home/rylan/Documents/school/EPPL/simulation_workspace/AIRHOUND/ws_ros2/build/airhound_perception/build/lib/airhound_perception
running install
running install_lib
creating /home/rylan/Documents/school/EPPL/simulation_workspace/AIRHOUND/ws_ros2/install/airhound_perception/lib/python3.12/site-packages/airhound_perception
copying /home/rylan/Documents/school/EPPL/simulation_workspace/AIRHOUND/ws_ros2/build/airhound_perception/build/lib/airhound_perception/yolo_detector.py -> /home/rylan/Documents/school/EPPL/simulation_workspace/AIRHOUND/ws_ros2/install/airhound_perception/lib/python3.12/site-packages/airhound_perception
copying /home/rylan/Documents/school/EPPL/simulation_workspace/AIRHOUND/ws_ros2/build/airhound_perception/build/lib/airhound_perception/synthetic_camera.py -> /home/rylan/Documents/school/EPPL/simulation_workspace/AIRHOUND/ws_ros2/install/airhound_perception/lib/python3.12/site-packages/airhound_perception
copying /home/rylan/Documents/school/EPPL/simulation_workspace/AIRHOUND/ws_ros2/build/airhound_perception/build/lib/airhound_perception/detector_node.py -> /home/rylan/Documents/school/EPPL/simulation_workspace/AIRHOUND/ws_ros2/install/airhound_perception/lib/python3.12/site-packages/airhound_perception
copying /home/rylan/Documents/school/EPPL/simulation_workspace/AIRHOUND/ws_ros2/build/airhound_perception/build/lib/airhound_perception/__init__.py -> /home/rylan/Documents/school/EPPL/simulation_workspace/AIRHOUND/ws_ros2/install/airhound_perception/lib/python3.12/site-packages/airhound_perception
byte-compiling /home/rylan/Documents/school/EPPL/simulation_workspace/AIRHOUND/ws_ros2/install/airhound_perception/lib/python3.12/site-packages/airhound_perception/yolo_detector.py to yolo_detector.cpython-312.pyc
byte-compiling /home/rylan/Documents/school/EPPL/simulation_workspace/AIRHOUND/ws_ros2/install/airhound_perception/lib/python3.12/site-packages/airhound_perception/synthetic_camera.py to synthetic_camera.cpython-312.pyc
byte-compiling /home/rylan/Documents/school/EPPL/simulation_workspace/AIRHOUND/ws_ros2/install/airhound_perception/lib/python3.12/site-packages/airhound_perception/detector_node.py to detector_node.cpython-312.pyc
byte-compiling /home/rylan/Documents/school/EPPL/simulation_workspace/AIRHOUND/ws_ros2/install/airhound_perception/lib/python3.12/site-packages/airhound_perception/__init__.py to __init__.cpython-312.pyc
running install_data
creating /home/rylan/Documents/school/EPPL/simulation_workspace/AIRHOUND/ws_ros2/install/airhound_perception/share/ament_index
creating /home/rylan/Documents/school/EPPL/simulation_workspace/AIRHOUND/ws_ros2/install/airhound_perception/share/ament_index/resource_index
creating /home/rylan/Documents/school/EPPL/simulation_workspace/AIRHOUND/ws_ros2/install/airhound_perception/share/ament_index/resource_index/packages
copying resource/airhound_perception -> /home/rylan/Documents/school/EPPL/simulation_workspace/AIRHOUND/ws_ros2/install/airhound_perception/share/ament_index/resource_index/packages
copying package.xml -> /home/rylan/Documents/school/EPPL/simulation_workspace/AIRHOUND/ws_ros2/install/airhound_perception/share/airhound_perception
creating /home/rylan/Documents/school/EPPL/simulation_workspace/AIRHOUND/ws_ros2/install/airhound_perception/share/airhound_perception/launch
copying launch/perception.launch.py -> /home/rylan/Documents/school/EPPL/simulation_workspace/AIRHOUND/ws_ros2/install/airhound_perception/share/airhound_perception/launch
copying launch/system.launch.py -> /home/rylan/Documents/school/EPPL/simulation_workspace/AIRHOUND/ws_ros2/install/airhound_perception/share/airhound_perception/launch
copying launch/synthetic_test.launch.py -> /home/rylan/Documents/school/EPPL/simulation_workspace/AIRHOUND/ws_ros2/install/airhound_perception/share/airhound_perception/launch
copying launch/record_bag.launch.py -> /home/rylan/Documents/school/EPPL/simulation_workspace/AIRHOUND/ws_ros2/install/airhound_perception/share/airhound_perception/launch
creating /home/rylan/Documents/school/EPPL/simulation_workspace/AIRHOUND/ws_ros2/install/airhound_perception/share/airhound_perception/env_hook
copying env_hook/airhound_perception_env.sh -> /home/rylan/Documents/school/EPPL/simulation_workspace/AIRHOUND/ws_ros2/install/airhound_perception/share/airhound_perception/env_hook
creating /home/rylan/Documents/school/EPPL/simulation_workspace/AIRHOUND/ws_ros2/install/airhound_perception/share/airhound_perception/config
copying config/perception.yaml -> /home/rylan/Documents/school/EPPL/simulation_workspace/AIRHOUND/ws_ros2/install/airhound_perception/share/airhound_perception/config
running install_egg_info
Copying ../../build/airhound_perception/airhound_perception.egg-info to /home/rylan/Documents/school/EPPL/simulation_workspace/AIRHOUND/ws_ros2/install/airhound_perception/lib/python3.12/site-packages/airhound_perception-0.0.1-py3.12.egg-info
running install_scripts
Installing detector_node script to /home/rylan/Documents/school/EPPL/simulation_workspace/AIRHOUND/ws_ros2/install/airhound_perception/lib/airhound_perception
Installing synthetic_camera script to /home/rylan/Documents/school/EPPL/simulation_workspace/AIRHOUND/ws_ros2/install/airhound_perception/lib/airhound_perception
writing list of installed files to '/home/rylan/Documents/school/EPPL/simulation_workspace/AIRHOUND/ws_ros2/build/airhound_perception/install.log'
