/home/rylan/Documents/school/EPPL/simulation_workspace/AIRHOUND/ws_ros2/install/airhound_perception/lib/python3.12/site-packages/airhound_perception/yolo_detector.py
/home/rylan/Documents/school/EPPL/simulation_workspace/AIRHOUND/ws_ros2/install/airhound_perception/lib/python3.12/site-packages/airhound_perception/synthetic_camera.py
/home/rylan/Documents/school/EPPL/simulation_workspace/AIRHOUND/ws_ros2/install/airhound_perception/lib/python3.12/site-packages/airhound_perception/mock_detector.py
/home/rylan/Documents/school/EPPL/simulation_workspace/AIRHOUND/ws_ros2/install/airhound_perception/lib/python3.12/site-packages/airhound_perception/detector_node.py
/home/rylan/Documents/school/EPPL/simulation_workspace/AIRHOUND/ws_ros2/install/airhound_perception/lib/python3.12/site-packages/airhound_perception/__init__.py
/home/rylan/Documents/school/EPPL/simulation_workspace/AIRHOUND/ws_ros2/install/airhound_perception/lib/python3.12/site-packages/airhound_perception/__pycache__/yolo_detector.cpython-312.pyc
/home/rylan/Documents/school/EPPL/simulation_workspace/AIRHOUND/ws_ros2/install/airhound_perception/lib/python3.12/site-packages/airhound_perception/__pycache__/synthetic_camera.cpython-312.pyc
/home/rylan/Documents/school/EPPL/simulation_workspace/AIRHOUND/ws_ros2/install/airhound_perception/lib/python3.12/site-packages/airhound_perception/__pycache__/mock_detector.cpython-312.pyc
/home/rylan/Documents/school/EPPL/simulation_workspace/AIRHOUND/ws_ros2/install/airhound_perception/lib/python3.12/site-packages/airhound_perception/__pycache__/detector_node.cpython-312.pyc
/home/rylan/Documents/school/EPPL/simulation_workspace/AIRHOUND/ws_ros2/install/airhound_perception/lib/python3.12/site-packages/airhound_perception/__pycache__/__init__.cpython-312.pyc
/home/rylan/Documents/school/EPPL/simulation_workspace/AIRHOUND/ws_ros2/install/airhound_perception/share/ament_index/resource_index/packages/airhound_perception
/home/rylan/Documents/school/EPPL/simulation_workspace/AIRHOUND/ws_ros2/install/airhound_perception/share/airhound_perception/package.xml
/home/rylan/Documents/school/EPPL/simulation_workspace/AIRHOUND/ws_ros2/install/airhound_perception/share/airhound_perception/launch/perception.launch.py
/home/rylan/Documents/school/EPPL/simulation_workspace/AIRHOUND/ws_ros2/install/airhound_perception/share/airhound_perception/launch/system.launch.py
/home/rylan/Documents/school/EPPL/simulation_workspace/AIRHOUND/ws_ros2/install/airhound_perception/share/airhound_perception/launch/synthetic_test.launch.py
/home/rylan/Documents/school/EPPL/simulation_workspace/AIRHOUND/ws_ros2/install/airhound_perception/share/airhound_perception/launch/sim_test.launch.py
/home/rylan/Documents/school/EPPL/simulation_workspace/AIRHOUND/ws_ros2/install/airhound_perception/share/airhound_perception/launch/record_bag.launch.py
/home/rylan/Documents/school/EPPL/simulation_workspace/AIRHOUND/ws_ros2/install/airhound_perception/share/airhound_perception/env_hook/airhound_perception_env.sh
/home/rylan/Documents/school/EPPL/simulation_workspace/AIRHOUND/ws_ros2/install/airhound_perception/share/airhound_perception/config/perception.yaml
/home/rylan/Documents/school/EPPL/simulation_workspace/AIRHOUND/ws_ros2/install/airhound_perception/lib/python3.12/site-packages/airhound_perception-0.0.1-py3.12.egg-info/zip-safe
/home/rylan/Documents/school/EPPL/simulation_workspace/AIRHOUND/ws_ros2/install/airhound_perception/lib/python3.12/site-packages/airhound_perception-0.0.1-py3.12.egg-info/dependency_links.txt
/home/rylan/Documents/school/EPPL/simulation_workspace/AIRHOUND/ws_ros2/install/airhound_perception/lib/python3.12/site-packages/airhound_perception-0.0.1-py3.12.egg-info/requires.txt
/home/rylan/Documents/school/EPPL/simulation_workspace/AIRHOUND/ws_ros2/install/airhound_perception/lib/python3.12/site-packages/airhound_perception-0.0.1-py3.12.egg-info/PKG-INFO
/home/rylan/Documents/school/EPPL/simulation_workspace/AIRHOUND/ws_ros2/install/airhound_perception/lib/python3.12/site-packages/airhound_perception-0.0.1-py3.12.egg-info/entry_points.txt
/home/rylan/Documents/school/EPPL/simulation_workspace/AIRHOUND/ws_ros2/install/airhound_perception/lib/python3.12/site-packages/airhound_perception-0.0.1-py3.12.egg-info/SOURCES.txt
/home/rylan/Documents/school/EPPL/simulation_workspace/AIRHOUND/ws_ros2/install/airhound_perception/lib/python3.12/site-packages/airhound_perception-0.0.1-py3.12.egg-info/top_level.txt
/home/rylan/Documents/school/EPPL/simulation_workspace/AIRHOUND/ws_ros2/install/airhound_perception/lib/airhound_perception/detector_node
/home/rylan/Documents/school/EPPL/simulation_workspace/AIRHOUND/ws_ros2/install/airhound_perception/lib/airhound_perception/mock_detector
/home/rylan/Documents/school/EPPL/simulation_workspace/AIRHOUND/ws_ros2/install/airhound_perception/lib/airhound_perception/synthetic_camera
