[0.223s] DEBUG:colcon:Command line arguments: ['/usr/bin/colcon', 'list', '--packages-select', 'airhound_perception']
[0.224s] DEBUG:colcon:Parsed command line arguments: Namespace(log_base=None, log_level=None, verb_name='list', build_base='build', ignore_user_meta=False, metas=['./colcon.meta'], base_paths=['.'], packages_ignore=None, packages_ignore_regex=None, paths=None, packages_up_to=None, packages_up_to_regex=None, packages_above=None, packages_above_and_dependencies=None, packages_above_depth=None, packages_select_by_dep=None, packages_skip_by_dep=None, packages_skip_up_to=None, packages_select_build_failed=False, packages_skip_build_finished=False, packages_select_test_failures=False, packages_skip_test_passed=False, packages_select=['airhound_perception'], packages_skip=None, packages_select_regex=None, packages_skip_regex=None, packages_start=None, packages_end=None, allow_overriding=[], topological_order=False, names_only=False, paths_only=False, topological_graph=False, topological_graph_dot=False, topological_graph_density=False, topological_graph_legend=False, topological_graph_dot_cluster=False, topological_graph_dot_include_skipped=False, verb_parser=<colcon_defaults.argument_parser.defaults.DefaultArgumentsDecorator object at 0x7b98ac1440b0>, verb_extension=<colcon_package_information.verb.list.ListVerb object at 0x7b98ac1316d0>, main=<bound method ListVerb.main of <colcon_package_information.verb.list.ListVerb object at 0x7b98ac1316d0>>)
[0.287s] Level 1:colcon.colcon_core.package_discovery:discover_packages(colcon_meta) check parameters
[0.287s] Level 1:colcon.colcon_core.package_discovery:discover_packages(recursive) check parameters
[0.287s] Level 1:colcon.colcon_core.package_discovery:discover_packages(ignore) check parameters
[0.287s] Level 1:colcon.colcon_core.package_discovery:discover_packages(path) check parameters
[0.287s] Level 1:colcon.colcon_core.package_discovery:discover_packages(colcon_meta) discover
[0.287s] Level 1:colcon.colcon_core.package_discovery:discover_packages(recursive) discover
[0.287s] INFO:colcon.colcon_core.package_discovery:Crawling recursively for packages in '/home/rylan/Documents/school/EPPL/simulation_workspace/AIRHOUND/ws_ros2'
[0.287s] Level 1:colcon.colcon_core.package_identification:_identify(.) by extensions ['ignore', 'ignore_ament_install']
[0.288s] Level 1:colcon.colcon_core.package_identification:_identify(.) by extension 'ignore'
[0.288s] Level 1:colcon.colcon_core.package_identification:_identify(.) by extension 'ignore_ament_install'
[0.288s] Level 1:colcon.colcon_core.package_identification:_identify(.) by extensions ['colcon_pkg']
[0.288s] Level 1:colcon.colcon_core.package_identification:_identify(.) by extension 'colcon_pkg'
[0.288s] Level 1:colcon.colcon_core.package_identification:_identify(.) by extensions ['colcon_meta']
[0.288s] Level 1:colcon.colcon_core.package_identification:_identify(.) by extension 'colcon_meta'
[0.288s] Level 1:colcon.colcon_core.package_identification:_identify(.) by extensions ['ros']
[0.288s] Level 1:colcon.colcon_core.package_identification:_identify(.) by extension 'ros'
[0.334s] Level 1:colcon.colcon_core.package_identification:_identify(.) by extensions ['cmake', 'python']
[0.334s] Level 1:colcon.colcon_core.package_identification:_identify(.) by extension 'cmake'
[0.334s] Level 1:colcon.colcon_core.package_identification:_identify(.) by extension 'python'
[0.334s] Level 1:colcon.colcon_core.package_identification:_identify(.) by extensions ['python_setup_py']
[0.334s] Level 1:colcon.colcon_core.package_identification:_identify(.) by extension 'python_setup_py'
[0.334s] Level 1:colcon.colcon_core.package_identification:_identify(build) by extensions ['ignore', 'ignore_ament_install']
[0.334s] Level 1:colcon.colcon_core.package_identification:_identify(build) by extension 'ignore'
[0.334s] Level 1:colcon.colcon_core.package_identification:_identify(build) ignored
[0.335s] Level 1:colcon.colcon_core.package_identification:_identify(install) by extensions ['ignore', 'ignore_ament_install']
[0.335s] Level 1:colcon.colcon_core.package_identification:_identify(install) by extension 'ignore'
[0.335s] Level 1:colcon.colcon_core.package_identification:_identify(install) ignored
[0.335s] Level 1:colcon.colcon_core.package_identification:_identify(log) by extensions ['ignore', 'ignore_ament_install']
[0.335s] Level 1:colcon.colcon_core.package_identification:_identify(log) by extension 'ignore'
[0.335s] Level 1:colcon.colcon_core.package_identification:_identify(log) ignored
[0.335s] Level 1:colcon.colcon_core.package_identification:_identify(src) by extensions ['ignore', 'ignore_ament_install']
[0.335s] Level 1:colcon.colcon_core.package_identification:_identify(src) by extension 'ignore'
[0.335s] Level 1:colcon.colcon_core.package_identification:_identify(src) by extension 'ignore_ament_install'
[0.335s] Level 1:colcon.colcon_core.package_identification:_identify(src) by extensions ['colcon_pkg']
[0.335s] Level 1:colcon.colcon_core.package_identification:_identify(src) by extension 'colcon_pkg'
[0.335s] Level 1:colcon.colcon_core.package_identification:_identify(src) by extensions ['colcon_meta']
[0.336s] Level 1:colcon.colcon_core.package_identification:_identify(src) by extension 'colcon_meta'
[0.336s] Level 1:colcon.colcon_core.package_identification:_identify(src) by extensions ['ros']
[0.336s] Level 1:colcon.colcon_core.package_identification:_identify(src) by extension 'ros'
[0.336s] Level 1:colcon.colcon_core.package_identification:_identify(src) by extensions ['cmake', 'python']
[0.336s] Level 1:colcon.colcon_core.package_identification:_identify(src) by extension 'cmake'
[0.336s] Level 1:colcon.colcon_core.package_identification:_identify(src) by extension 'python'
[0.336s] Level 1:colcon.colcon_core.package_identification:_identify(src) by extensions ['python_setup_py']
[0.336s] Level 1:colcon.colcon_core.package_identification:_identify(src) by extension 'python_setup_py'
[0.336s] Level 1:colcon.colcon_core.package_identification:_identify(src/airhound_perception) by extensions ['ignore', 'ignore_ament_install']
[0.336s] Level 1:colcon.colcon_core.package_identification:_identify(src/airhound_perception) by extension 'ignore'
[0.336s] Level 1:colcon.colcon_core.package_identification:_identify(src/airhound_perception) by extension 'ignore_ament_install'
[0.336s] Level 1:colcon.colcon_core.package_identification:_identify(src/airhound_perception) by extensions ['colcon_pkg']
[0.336s] Level 1:colcon.colcon_core.package_identification:_identify(src/airhound_perception) by extension 'colcon_pkg'
[0.336s] Level 1:colcon.colcon_core.package_identification:_identify(src/airhound_perception) by extensions ['colcon_meta']
[0.336s] Level 1:colcon.colcon_core.package_identification:_identify(src/airhound_perception) by extension 'colcon_meta'
[0.336s] Level 1:colcon.colcon_core.package_identification:_identify(src/airhound_perception) by extensions ['ros']
[0.336s] Level 1:colcon.colcon_core.package_identification:_identify(src/airhound_perception) by extension 'ros'
[0.341s] DEBUG:colcon.colcon_core.package_identification:Package 'src/airhound_perception' with type 'ros.ament_python' and name 'airhound_perception'
[0.342s] Level 1:colcon.colcon_core.package_identification:_identify(src/msg) by extensions ['ignore', 'ignore_ament_install']
[0.342s] Level 1:colcon.colcon_core.package_identification:_identify(src/msg) by extension 'ignore'
[0.342s] Level 1:colcon.colcon_core.package_identification:_identify(src/msg) by extension 'ignore_ament_install'
[0.342s] Level 1:colcon.colcon_core.package_identification:_identify(src/msg) by extensions ['colcon_pkg']
[0.342s] Level 1:colcon.colcon_core.package_identification:_identify(src/msg) by extension 'colcon_pkg'
[0.342s] Level 1:colcon.colcon_core.package_identification:_identify(src/msg) by extensions ['colcon_meta']
[0.342s] Level 1:colcon.colcon_core.package_identification:_identify(src/msg) by extension 'colcon_meta'
[0.342s] Level 1:colcon.colcon_core.package_identification:_identify(src/msg) by extensions ['ros']
[0.342s] Level 1:colcon.colcon_core.package_identification:_identify(src/msg) by extension 'ros'
[0.342s] Level 1:colcon.colcon_core.package_identification:_identify(src/msg) by extensions ['cmake', 'python']
[0.342s] Level 1:colcon.colcon_core.package_identification:_identify(src/msg) by extension 'cmake'
[0.343s] Level 1:colcon.colcon_core.package_identification:_identify(src/msg) by extension 'python'
[0.343s] Level 1:colcon.colcon_core.package_identification:_identify(src/msg) by extensions ['python_setup_py']
[0.343s] Level 1:colcon.colcon_core.package_identification:_identify(src/msg) by extension 'python_setup_py'
[0.343s] Level 1:colcon.colcon_core.package_identification:_identify(src/scripts) by extensions ['ignore', 'ignore_ament_install']
[0.343s] Level 1:colcon.colcon_core.package_identification:_identify(src/scripts) by extension 'ignore'
[0.343s] Level 1:colcon.colcon_core.package_identification:_identify(src/scripts) by extension 'ignore_ament_install'
[0.343s] Level 1:colcon.colcon_core.package_identification:_identify(src/scripts) by extensions ['colcon_pkg']
[0.343s] Level 1:colcon.colcon_core.package_identification:_identify(src/scripts) by extension 'colcon_pkg'
[0.343s] Level 1:colcon.colcon_core.package_identification:_identify(src/scripts) by extensions ['colcon_meta']
[0.343s] Level 1:colcon.colcon_core.package_identification:_identify(src/scripts) by extension 'colcon_meta'
[0.343s] Level 1:colcon.colcon_core.package_identification:_identify(src/scripts) by extensions ['ros']
[0.343s] Level 1:colcon.colcon_core.package_identification:_identify(src/scripts) by extension 'ros'
[0.343s] Level 1:colcon.colcon_core.package_identification:_identify(src/scripts) by extensions ['cmake', 'python']
[0.343s] Level 1:colcon.colcon_core.package_identification:_identify(src/scripts) by extension 'cmake'
[0.343s] Level 1:colcon.colcon_core.package_identification:_identify(src/scripts) by extension 'python'
[0.343s] Level 1:colcon.colcon_core.package_identification:_identify(src/scripts) by extensions ['python_setup_py']
[0.344s] Level 1:colcon.colcon_core.package_identification:_identify(src/scripts) by extension 'python_setup_py'
[0.344s] Level 1:colcon.colcon_core.package_identification:_identify(src/scripts/src) by extensions ['ignore', 'ignore_ament_install']
[0.344s] Level 1:colcon.colcon_core.package_identification:_identify(src/scripts/src) by extension 'ignore'
[0.344s] Level 1:colcon.colcon_core.package_identification:_identify(src/scripts/src) by extension 'ignore_ament_install'
[0.344s] Level 1:colcon.colcon_core.package_identification:_identify(src/scripts/src) by extensions ['colcon_pkg']
[0.344s] Level 1:colcon.colcon_core.package_identification:_identify(src/scripts/src) by extension 'colcon_pkg'
[0.344s] Level 1:colcon.colcon_core.package_identification:_identify(src/scripts/src) by extensions ['colcon_meta']
[0.344s] Level 1:colcon.colcon_core.package_identification:_identify(src/scripts/src) by extension 'colcon_meta'
[0.344s] Level 1:colcon.colcon_core.package_identification:_identify(src/scripts/src) by extensions ['ros']
[0.344s] Level 1:colcon.colcon_core.package_identification:_identify(src/scripts/src) by extension 'ros'
[0.344s] Level 1:colcon.colcon_core.package_identification:_identify(src/scripts/src) by extensions ['cmake', 'python']
[0.344s] Level 1:colcon.colcon_core.package_identification:_identify(src/scripts/src) by extension 'cmake'
[0.344s] Level 1:colcon.colcon_core.package_identification:_identify(src/scripts/src) by extension 'python'
[0.344s] Level 1:colcon.colcon_core.package_identification:_identify(src/scripts/src) by extensions ['python_setup_py']
[0.344s] Level 1:colcon.colcon_core.package_identification:_identify(src/scripts/src) by extension 'python_setup_py'
[0.345s] Level 1:colcon.colcon_core.package_identification:_identify(src/scripts/src/examples) by extensions ['ignore', 'ignore_ament_install']
[0.345s] Level 1:colcon.colcon_core.package_identification:_identify(src/scripts/src/examples) by extension 'ignore'
[0.345s] Level 1:colcon.colcon_core.package_identification:_identify(src/scripts/src/examples) by extension 'ignore_ament_install'
[0.345s] Level 1:colcon.colcon_core.package_identification:_identify(src/scripts/src/examples) by extensions ['colcon_pkg']
[0.345s] Level 1:colcon.colcon_core.package_identification:_identify(src/scripts/src/examples) by extension 'colcon_pkg'
[0.345s] Level 1:colcon.colcon_core.package_identification:_identify(src/scripts/src/examples) by extensions ['colcon_meta']
[0.345s] Level 1:colcon.colcon_core.package_identification:_identify(src/scripts/src/examples) by extension 'colcon_meta'
[0.345s] Level 1:colcon.colcon_core.package_identification:_identify(src/scripts/src/examples) by extensions ['ros']
[0.345s] Level 1:colcon.colcon_core.package_identification:_identify(src/scripts/src/examples) by extension 'ros'
[0.345s] Level 1:colcon.colcon_core.package_identification:_identify(src/scripts/src/examples) by extensions ['cmake', 'python']
[0.345s] Level 1:colcon.colcon_core.package_identification:_identify(src/scripts/src/examples) by extension 'cmake'
[0.345s] Level 1:colcon.colcon_core.package_identification:_identify(src/scripts/src/examples) by extension 'python'
[0.345s] Level 1:colcon.colcon_core.package_identification:_identify(src/scripts/src/examples) by extensions ['python_setup_py']
[0.345s] Level 1:colcon.colcon_core.package_identification:_identify(src/scripts/src/examples) by extension 'python_setup_py'
[0.345s] Level 1:colcon.colcon_core.package_identification:_identify(src/scripts/src/examples/advertisers) by extensions ['ignore', 'ignore_ament_install']
[0.345s] Level 1:colcon.colcon_core.package_identification:_identify(src/scripts/src/examples/advertisers) by extension 'ignore'
[0.345s] Level 1:colcon.colcon_core.package_identification:_identify(src/scripts/src/examples/advertisers) by extension 'ignore_ament_install'
[0.346s] Level 1:colcon.colcon_core.package_identification:_identify(src/scripts/src/examples/advertisers) by extensions ['colcon_pkg']
[0.346s] Level 1:colcon.colcon_core.package_identification:_identify(src/scripts/src/examples/advertisers) by extension 'colcon_pkg'
[0.346s] Level 1:colcon.colcon_core.package_identification:_identify(src/scripts/src/examples/advertisers) by extensions ['colcon_meta']
[0.346s] Level 1:colcon.colcon_core.package_identification:_identify(src/scripts/src/examples/advertisers) by extension 'colcon_meta'
[0.346s] Level 1:colcon.colcon_core.package_identification:_identify(src/scripts/src/examples/advertisers) by extensions ['ros']
[0.346s] Level 1:colcon.colcon_core.package_identification:_identify(src/scripts/src/examples/advertisers) by extension 'ros'
[0.346s] Level 1:colcon.colcon_core.package_identification:_identify(src/scripts/src/examples/advertisers) by extensions ['cmake', 'python']
[0.346s] Level 1:colcon.colcon_core.package_identification:_identify(src/scripts/src/examples/advertisers) by extension 'cmake'
[0.346s] Level 1:colcon.colcon_core.package_identification:_identify(src/scripts/src/examples/advertisers) by extension 'python'
[0.346s] Level 1:colcon.colcon_core.package_identification:_identify(src/scripts/src/examples/advertisers) by extensions ['python_setup_py']
[0.346s] Level 1:colcon.colcon_core.package_identification:_identify(src/scripts/src/examples/advertisers) by extension 'python_setup_py'
[0.346s] Level 1:colcon.colcon_core.package_identification:_identify(src/scripts/src/examples/listeners) by extensions ['ignore', 'ignore_ament_install']
[0.346s] Level 1:colcon.colcon_core.package_identification:_identify(src/scripts/src/examples/listeners) by extension 'ignore'
[0.346s] Level 1:colcon.colcon_core.package_identification:_identify(src/scripts/src/examples/listeners) by extension 'ignore_ament_install'
[0.346s] Level 1:colcon.colcon_core.package_identification:_identify(src/scripts/src/examples/listeners) by extensions ['colcon_pkg']
[0.346s] Level 1:colcon.colcon_core.package_identification:_identify(src/scripts/src/examples/listeners) by extension 'colcon_pkg'
[0.346s] Level 1:colcon.colcon_core.package_identification:_identify(src/scripts/src/examples/listeners) by extensions ['colcon_meta']
[0.346s] Level 1:colcon.colcon_core.package_identification:_identify(src/scripts/src/examples/listeners) by extension 'colcon_meta'
[0.347s] Level 1:colcon.colcon_core.package_identification:_identify(src/scripts/src/examples/listeners) by extensions ['ros']
[0.347s] Level 1:colcon.colcon_core.package_identification:_identify(src/scripts/src/examples/listeners) by extension 'ros'
[0.347s] Level 1:colcon.colcon_core.package_identification:_identify(src/scripts/src/examples/listeners) by extensions ['cmake', 'python']
[0.347s] Level 1:colcon.colcon_core.package_identification:_identify(src/scripts/src/examples/listeners) by extension 'cmake'
[0.347s] Level 1:colcon.colcon_core.package_identification:_identify(src/scripts/src/examples/listeners) by extension 'python'
[0.347s] Level 1:colcon.colcon_core.package_identification:_identify(src/scripts/src/examples/listeners) by extensions ['python_setup_py']
[0.347s] Level 1:colcon.colcon_core.package_identification:_identify(src/scripts/src/examples/listeners) by extension 'python_setup_py'
[0.347s] Level 1:colcon.colcon_core.package_identification:_identify(src/scripts/src/examples/offboard) by extensions ['ignore', 'ignore_ament_install']
[0.347s] Level 1:colcon.colcon_core.package_identification:_identify(src/scripts/src/examples/offboard) by extension 'ignore'
[0.347s] Level 1:colcon.colcon_core.package_identification:_identify(src/scripts/src/examples/offboard) by extension 'ignore_ament_install'
[0.347s] Level 1:colcon.colcon_core.package_identification:_identify(src/scripts/src/examples/offboard) by extensions ['colcon_pkg']
[0.347s] Level 1:colcon.colcon_core.package_identification:_identify(src/scripts/src/examples/offboard) by extension 'colcon_pkg'
[0.347s] Level 1:colcon.colcon_core.package_identification:_identify(src/scripts/src/examples/offboard) by extensions ['colcon_meta']
[0.347s] Level 1:colcon.colcon_core.package_identification:_identify(src/scripts/src/examples/offboard) by extension 'colcon_meta'
[0.347s] Level 1:colcon.colcon_core.package_identification:_identify(src/scripts/src/examples/offboard) by extensions ['ros']
[0.347s] Level 1:colcon.colcon_core.package_identification:_identify(src/scripts/src/examples/offboard) by extension 'ros'
[0.347s] Level 1:colcon.colcon_core.package_identification:_identify(src/scripts/src/examples/offboard) by extensions ['cmake', 'python']
[0.347s] Level 1:colcon.colcon_core.package_identification:_identify(src/scripts/src/examples/offboard) by extension 'cmake'
[0.347s] Level 1:colcon.colcon_core.package_identification:_identify(src/scripts/src/examples/offboard) by extension 'python'
[0.348s] Level 1:colcon.colcon_core.package_identification:_identify(src/scripts/src/examples/offboard) by extensions ['python_setup_py']
[0.348s] Level 1:colcon.colcon_core.package_identification:_identify(src/scripts/src/examples/offboard) by extension 'python_setup_py'
[0.348s] Level 1:colcon.colcon_core.package_identification:_identify(src/scripts/src/examples/offboard_py) by extensions ['ignore', 'ignore_ament_install']
[0.348s] Level 1:colcon.colcon_core.package_identification:_identify(src/scripts/src/examples/offboard_py) by extension 'ignore'
[0.348s] Level 1:colcon.colcon_core.package_identification:_identify(src/scripts/src/examples/offboard_py) by extension 'ignore_ament_install'
[0.348s] Level 1:colcon.colcon_core.package_identification:_identify(src/scripts/src/examples/offboard_py) by extensions ['colcon_pkg']
[0.348s] Level 1:colcon.colcon_core.package_identification:_identify(src/scripts/src/examples/offboard_py) by extension 'colcon_pkg'
[0.348s] Level 1:colcon.colcon_core.package_identification:_identify(src/scripts/src/examples/offboard_py) by extensions ['colcon_meta']
[0.348s] Level 1:colcon.colcon_core.package_identification:_identify(src/scripts/src/examples/offboard_py) by extension 'colcon_meta'
[0.348s] Level 1:colcon.colcon_core.package_identification:_identify(src/scripts/src/examples/offboard_py) by extensions ['ros']
[0.348s] Level 1:colcon.colcon_core.package_identification:_identify(src/scripts/src/examples/offboard_py) by extension 'ros'
[0.348s] Level 1:colcon.colcon_core.package_identification:_identify(src/scripts/src/examples/offboard_py) by extensions ['cmake', 'python']
[0.348s] Level 1:colcon.colcon_core.package_identification:_identify(src/scripts/src/examples/offboard_py) by extension 'cmake'
[0.348s] Level 1:colcon.colcon_core.package_identification:_identify(src/scripts/src/examples/offboard_py) by extension 'python'
[0.348s] Level 1:colcon.colcon_core.package_identification:_identify(src/scripts/src/examples/offboard_py) by extensions ['python_setup_py']
[0.348s] Level 1:colcon.colcon_core.package_identification:_identify(src/scripts/src/examples/offboard_py) by extension 'python_setup_py'
[0.348s] Level 1:colcon.colcon_core.package_identification:_identify(src/scripts/src/lib) by extensions ['ignore', 'ignore_ament_install']
[0.348s] Level 1:colcon.colcon_core.package_identification:_identify(src/scripts/src/lib) by extension 'ignore'
[0.348s] Level 1:colcon.colcon_core.package_identification:_identify(src/scripts/src/lib) by extension 'ignore_ament_install'
[0.349s] Level 1:colcon.colcon_core.package_identification:_identify(src/scripts/src/lib) by extensions ['colcon_pkg']
[0.349s] Level 1:colcon.colcon_core.package_identification:_identify(src/scripts/src/lib) by extension 'colcon_pkg'
[0.349s] Level 1:colcon.colcon_core.package_identification:_identify(src/scripts/src/lib) by extensions ['colcon_meta']
[0.349s] Level 1:colcon.colcon_core.package_identification:_identify(src/scripts/src/lib) by extension 'colcon_meta'
[0.349s] Level 1:colcon.colcon_core.package_identification:_identify(src/scripts/src/lib) by extensions ['ros']
[0.349s] Level 1:colcon.colcon_core.package_identification:_identify(src/scripts/src/lib) by extension 'ros'
[0.349s] Level 1:colcon.colcon_core.package_identification:_identify(src/scripts/src/lib) by extensions ['cmake', 'python']
[0.349s] Level 1:colcon.colcon_core.package_identification:_identify(src/scripts/src/lib) by extension 'cmake'
[0.349s] Level 1:colcon.colcon_core.package_identification:_identify(src/scripts/src/lib) by extension 'python'
[0.349s] Level 1:colcon.colcon_core.package_identification:_identify(src/scripts/src/lib) by extensions ['python_setup_py']
[0.349s] Level 1:colcon.colcon_core.package_identification:_identify(src/scripts/src/lib) by extension 'python_setup_py'
[0.349s] Level 1:colcon.colcon_core.package_discovery:discover_packages(recursive) using defaults
[0.349s] Level 1:colcon.colcon_core.package_discovery:discover_packages(ignore) discover
[0.349s] Level 1:colcon.colcon_core.package_discovery:discover_packages(ignore) using defaults
[0.349s] Level 1:colcon.colcon_core.package_discovery:discover_packages(path) discover
[0.349s] Level 1:colcon.colcon_core.package_discovery:discover_packages(path) using defaults
