[0.000000] (-) TimerEvent: {}
[0.000469] (Tracking-Geometry) JobQueued: {'identifier': 'Tracking-Geometry', 'dependencies': OrderedDict()}
[0.000551] (airhound_perception) JobQueued: {'identifier': 'airhound_perception', 'dependencies': OrderedDict()}
[0.000583] (offboard_control) JobQueued: {'identifier': 'offboard_control', 'dependencies': OrderedDict()}
[0.001393] (Tracking-Geometry) JobStarted: {'identifier': 'Tracking-Geometry'}
[0.014781] (airhound_perception) JobStarted: {'identifier': 'airhound_perception'}
[0.018755] (offboard_control) JobStarted: {'identifier': 'offboard_control'}
[0.099894] (-) TimerEvent: {}
[0.200208] (-) TimerEvent: {}
[0.300829] (-) TimerEvent: {}
[0.401123] (-) TimerEvent: {}
[0.501462] (-) TimerEvent: {}
[0.582466] (offboard_control) JobProgress: {'identifier': 'offboard_control', 'progress': 'cmake'}
[0.583295] (offboard_control) Command: {'cmd': ['/usr/bin/cmake', '/home/rylan/Documents/school/EPPL/simulation_workspace/AIRHOUND/ws_ros2/src/offboard_control', '-DCMAKE_INSTALL_PREFIX=/home/rylan/Documents/school/EPPL/simulation_workspace/AIRHOUND/ws_ros2/install/offboard_control'], 'cwd': '/home/rylan/Documents/school/EPPL/simulation_workspace/AIRHOUND/ws_ros2/build/offboard_control', 'env': OrderedDict({'KDE_FULL_SESSION': 'true', 'LESSOPEN': '| /usr/bin/lesspipe %s', 'PAM_KWALLET5_LOGIN': '/run/user/1000/kwallet5.socket', 'USER': 'rylan', 'ZED_ENVIRONMENT': 'worktree-shell', 'QT_SCREEN_SCALE_FACTORS': 'eDP-1=1;DP-1=1;HDMI-1=1;', 'XDG_SEAT': 'seat0', 'SSH_AGENT_PID': '3762', 'STM32CubeMX_PATH': '/home/rylan/Documents/school/spring_2025/CEC_320/CubeMX', 'XDG_SESSION_TYPE': 'x11', 'LD_LIBRARY_PATH': '/usr/local/cuda/lib64:', 'SHLVL': '1', 'XCURSOR_SIZE': '24', 'HOME': '/home/rylan', 'KDE_APPLICATIONS_AS_SCOPE': '1', 'OLDPWD': '/home/rylan/Documents/school/EPPL/simulation_workspace/AIRHOUND', 'DESKTOP_SESSION': 'plasma', 'NVM_BIN': '/home/rylan/.nvm/versions/node/v22.18.0/bin', 'TERM_PROGRAM_VERSION': '0.210.4', 'ZED_TERM': 'true', 'NVM_INC': '/home/rylan/.nvm/versions/node/v22.18.0/include/node', 'GTK_MODULES': 'gail:atk-bridge', 'GTK_RC_FILES': '/etc/gtk/gtkrc:/home/rylan/.gtkrc:/home/rylan/.config/gtkrc', 'KDE_SESSION_VERSION': '5', 'PAGER': '', 'XDG_SEAT_PATH': '/org/freedesktop/DisplayManager/Seat0', 'MANAGERPID': '3552', 'DBUS_SESSION_BUS_ADDRESS': 'unix:path=/run/user/1000/bus', 'GSM_SKIP_SSH_AGENT_WORKAROUND': 'true', 'SSH_ASKPASS': '/usr/bin/ksshaskpass', 'SYSTEMD_EXEC_PID': '63658', 'COLORTERM': 'truecolor', 'DEBUGINFOD_URLS': 'https://debuginfod.ubuntu.com', 'NVM_DIR': '/home/rylan/.nvm', 'IM_CONFIG_PHASE': '1', 'GTK_IM_MODULE': 'ibus', 'LOGNAME': 'rylan', 'JOURNAL_STREAM': '8:260254', 'QT_AUTO_SCREEN_SCALE_FACTOR': '0', 'WINDOWID': '4294967333', '_': 'ws_ros2', 'MEMORY_PRESSURE_WATCH': '/sys/fs/cgroup/user.slice/user-1000.slice/user@1000.service/session.slice/plasma-plasmashell.service/memory.pressure', 'PKG_CONFIG_PATH': '/usr/lib/x86_64-linux-gnu/pkgconfig:/usr/lib/x86_64-linux-gnu/pkgconfig:/usr/lib/x86_64-linux-gnu/pkgconfig:', 'XDG_SESSION_CLASS': 'user', 'TERM': 'xterm-256color', 'XDG_SESSION_ID': '3', 'RUSTUP_HOME': '/home/rylan/.rustup', 'GTK2_RC_FILES': '/etc/gtk-2.0/gtkrc:/home/rylan/.gtkrc-2.0:/home/rylan/.config/gtkrc-2.0', 'ZED_FORCE_CLI_MODE': '', 'PATH': '/home/rylan/.local/bin:/home/rylan/.nvm/versions/node/v22.18.0/bin:/usr/local/texlive/2024/bin/x86_64-linux:/home/rylan/.local/bin:/usr/local/sbin:/usr/local/bin:/usr/sbin:/usr/bin:/sbin:/bin:/home/rylan/.cargo/bin:/snap/bin', 'INVOCATION_ID': 'd22bd170ee4c4783b487dc80a0710b0e', 'SESSION_MANAGER': 'local/TheMachine:@/tmp/.ICE-unix/3968,unix/TheMachine:/tmp/.ICE-unix/3968', 'XCURSOR_THEME': 'KDE_Classic', 'XDG_RUNTIME_DIR': '/run/user/1000', 'XDG_SESSION_PATH': '/org/freedesktop/DisplayManager/Session1', 'DISPLAY': ':0', 'ICEAUTHORITY': '/run/user/1000/iceauth_oTlCQJ', 'LANG': 'en_US.UTF-8', 'XDG_CURRENT_DESKTOP': 'KDE', 'LS_COLORS': '', 'TERM_PROGRAM': 'zed', 'XAUTHORITY': '/tmp/xauth_XMawvR', 'XDG_SESSION_DESKTOP': 'KDE', 'XMODIFIERS': '@im=ibus', 'SSH_AUTH_SOCK': '/tmp/ssh-OAoylvwu44CQ/agent.3662', 'SHELL': '/bin/bash', 'QT_ACCESSIBILITY': '1', 'LESSCLOSE': '/usr/bin/lesspipe %s %s', 'GPG_AGENT_INFO': '/run/user/1000/gnupg/S.gpg-agent:0:1', 'ALACRITTY_WINDOW_ID': '4294967333', 'QT_IM_MODULE': 'ibus', 'XDG_VTNR': '2', 'CUDA_HOME': '/usr/local/cuda', 'PWD': '/home/rylan/Documents/school/EPPL/simulation_workspace/AIRHOUND/ws_ros2/build/offboard_control', 'CARGO_HOME': '/home/rylan/.cargo', 'CLUTTER_IM_MODULE': 'ibus', 'NVM_CD_FLAGS': '', 'XDG_CONFIG_DIRS': '/home/rylan/.config/kdedefaults:/etc/xdg/xdg-plasma:/etc/xdg:/usr/share/kubuntu-default-settings/kf5-settings', 'XDG_DATA_DIRS': '/usr/share/plasma:/usr/share/gnome:/home/rylan/.local/share/flatpak/exports/share:/var/lib/flatpak/exports/share:/usr/local/share:/usr/share:/var/lib/snapd/desktop', 'QTWEBENGINE_DICTIONARIES_PATH': '/usr/share/hunspell-bdic/', 'KDE_SESSION_UID': '1000', 'COLCON': '1', 'MEMORY_PRESSURE_WRITE': 'c29tZSAyMDAwMDAgMjAwMDAwMAA='}), 'shell': False}
[0.601537] (-) TimerEvent: {}
[0.701774] (-) TimerEvent: {}
[0.720064] (offboard_control) StdoutLine: {'line': b'-- The C compiler identification is GNU 13.3.0\n'}
[0.801880] (-) TimerEvent: {}
[0.871820] (offboard_control) StdoutLine: {'line': b'-- The CXX compiler identification is GNU 13.3.0\n'}
[0.902069] (-) TimerEvent: {}
[0.906370] (offboard_control) StdoutLine: {'line': b'-- Detecting C compiler ABI info\n'}
[1.002255] (-) TimerEvent: {}
[1.056566] (offboard_control) StdoutLine: {'line': b'-- Detecting C compiler ABI info - done\n'}
[1.080277] (offboard_control) StdoutLine: {'line': b'-- Check for working C compiler: /usr/bin/cc - skipped\n'}
[1.081099] (offboard_control) StdoutLine: {'line': b'-- Detecting C compile features\n'}
[1.082239] (offboard_control) StdoutLine: {'line': b'-- Detecting C compile features - done\n'}
[1.101005] (offboard_control) StdoutLine: {'line': b'-- Detecting CXX compiler ABI info\n'}
[1.102396] (-) TimerEvent: {}
[1.202608] (-) TimerEvent: {}
[1.261350] (offboard_control) StdoutLine: {'line': b'-- Detecting CXX compiler ABI info - done\n'}
[1.279022] (offboard_control) StdoutLine: {'line': b'-- Check for working CXX compiler: /usr/bin/c++ - skipped\n'}
[1.279608] (offboard_control) StdoutLine: {'line': b'-- Detecting CXX compile features\n'}
[1.280707] (offboard_control) StdoutLine: {'line': b'-- Detecting CXX compile features - done\n'}
[1.282220] (airhound_perception) Command: {'cmd': ['/usr/bin/python3', '-W', 'ignore:setup.py install is deprecated', '-W', 'ignore:easy_install command is deprecated', 'setup.py', 'egg_info', '--egg-base', '../../build/airhound_perception', 'build', '--build-base', '/home/rylan/Documents/school/EPPL/simulation_workspace/AIRHOUND/ws_ros2/build/airhound_perception/build', 'install', '--record', '/home/rylan/Documents/school/EPPL/simulation_workspace/AIRHOUND/ws_ros2/build/airhound_perception/install.log', '--single-version-externally-managed', 'install_data'], 'cwd': '/home/rylan/Documents/school/EPPL/simulation_workspace/AIRHOUND/ws_ros2/src/airhound_perception', 'env': {'KDE_FULL_SESSION': 'true', 'LESSOPEN': '| /usr/bin/lesspipe %s', 'PAM_KWALLET5_LOGIN': '/run/user/1000/kwallet5.socket', 'USER': 'rylan', 'ZED_ENVIRONMENT': 'worktree-shell', 'QT_SCREEN_SCALE_FACTORS': 'eDP-1=1;DP-1=1;HDMI-1=1;', 'XDG_SEAT': 'seat0', 'SSH_AGENT_PID': '3762', 'STM32CubeMX_PATH': '/home/rylan/Documents/school/spring_2025/CEC_320/CubeMX', 'XDG_SESSION_TYPE': 'x11', 'LD_LIBRARY_PATH': '/usr/local/cuda/lib64:', 'SHLVL': '1', 'XCURSOR_SIZE': '24', 'HOME': '/home/rylan', 'KDE_APPLICATIONS_AS_SCOPE': '1', 'OLDPWD': '/home/rylan/Documents/school/EPPL/simulation_workspace/AIRHOUND', 'DESKTOP_SESSION': 'plasma', 'NVM_BIN': '/home/rylan/.nvm/versions/node/v22.18.0/bin', 'TERM_PROGRAM_VERSION': '0.210.4', 'ZED_TERM': 'true', 'NVM_INC': '/home/rylan/.nvm/versions/node/v22.18.0/include/node', 'GTK_MODULES': 'gail:atk-bridge', 'GTK_RC_FILES': '/etc/gtk/gtkrc:/home/rylan/.gtkrc:/home/rylan/.config/gtkrc', 'KDE_SESSION_VERSION': '5', 'PAGER': '', 'XDG_SEAT_PATH': '/org/freedesktop/DisplayManager/Seat0', 'MANAGERPID': '3552', 'DBUS_SESSION_BUS_ADDRESS': 'unix:path=/run/user/1000/bus', 'GSM_SKIP_SSH_AGENT_WORKAROUND': 'true', 'SSH_ASKPASS': '/usr/bin/ksshaskpass', 'SYSTEMD_EXEC_PID': '63658', 'COLORTERM': 'truecolor', 'DEBUGINFOD_URLS': 'https://debuginfod.ubuntu.com', 'NVM_DIR': '/home/rylan/.nvm', 'IM_CONFIG_PHASE': '1', 'GTK_IM_MODULE': 'ibus', 'LOGNAME': 'rylan', 'JOURNAL_STREAM': '8:260254', 'QT_AUTO_SCREEN_SCALE_FACTOR': '0', 'WINDOWID': '4294967333', '_': 'ws_ros2', 'MEMORY_PRESSURE_WATCH': '/sys/fs/cgroup/user.slice/user-1000.slice/user@1000.service/session.slice/plasma-plasmashell.service/memory.pressure', 'PKG_CONFIG_PATH': '/usr/lib/x86_64-linux-gnu/pkgconfig:/usr/lib/x86_64-linux-gnu/pkgconfig:/usr/lib/x86_64-linux-gnu/pkgconfig:', 'XDG_SESSION_CLASS': 'user', 'TERM': 'xterm-256color', 'XDG_SESSION_ID': '3', 'RUSTUP_HOME': '/home/rylan/.rustup', 'GTK2_RC_FILES': '/etc/gtk-2.0/gtkrc:/home/rylan/.gtkrc-2.0:/home/rylan/.config/gtkrc-2.0', 'ZED_FORCE_CLI_MODE': '', 'PATH': '/home/rylan/.local/bin:/home/rylan/.nvm/versions/node/v22.18.0/bin:/usr/local/texlive/2024/bin/x86_64-linux:/home/rylan/.local/bin:/usr/local/sbin:/usr/local/bin:/usr/sbin:/usr/bin:/sbin:/bin:/home/rylan/.cargo/bin:/snap/bin', 'INVOCATION_ID': 'd22bd170ee4c4783b487dc80a0710b0e', 'SESSION_MANAGER': 'local/TheMachine:@/tmp/.ICE-unix/3968,unix/TheMachine:/tmp/.ICE-unix/3968', 'XCURSOR_THEME': 'KDE_Classic', 'XDG_RUNTIME_DIR': '/run/user/1000', 'XDG_SESSION_PATH': '/org/freedesktop/DisplayManager/Session1', 'DISPLAY': ':0', 'ICEAUTHORITY': '/run/user/1000/iceauth_oTlCQJ', 'LANG': 'en_US.UTF-8', 'XDG_CURRENT_DESKTOP': 'KDE', 'LS_COLORS': '', 'TERM_PROGRAM': 'zed', 'XAUTHORITY': '/tmp/xauth_XMawvR', 'XDG_SESSION_DESKTOP': 'KDE', 'XMODIFIERS': '@im=ibus', 'SSH_AUTH_SOCK': '/tmp/ssh-OAoylvwu44CQ/agent.3662', 'SHELL': '/bin/bash', 'QT_ACCESSIBILITY': '1', 'LESSCLOSE': '/usr/bin/lesspipe %s %s', 'GPG_AGENT_INFO': '/run/user/1000/gnupg/S.gpg-agent:0:1', 'ALACRITTY_WINDOW_ID': '4294967333', 'QT_IM_MODULE': 'ibus', 'XDG_VTNR': '2', 'CUDA_HOME': '/usr/local/cuda', 'PWD': '/home/rylan/Documents/school/EPPL/simulation_workspace/AIRHOUND/ws_ros2/build/airhound_perception', 'CARGO_HOME': '/home/rylan/.cargo', 'CLUTTER_IM_MODULE': 'ibus', 'NVM_CD_FLAGS': '', 'XDG_CONFIG_DIRS': '/home/rylan/.config/kdedefaults:/etc/xdg/xdg-plasma:/etc/xdg:/usr/share/kubuntu-default-settings/kf5-settings', 'XDG_DATA_DIRS': '/usr/share/plasma:/usr/share/gnome:/home/rylan/.local/share/flatpak/exports/share:/var/lib/flatpak/exports/share:/usr/local/share:/usr/share:/var/lib/snapd/desktop', 'QTWEBENGINE_DICTIONARIES_PATH': '/usr/share/hunspell-bdic/', 'KDE_SESSION_UID': '1000', 'COLCON': '1', 'MEMORY_PRESSURE_WRITE': 'c29tZSAyMDAwMDAgMjAwMDAwMAA=', 'PYTHONPATH': '/home/rylan/Documents/school/EPPL/simulation_workspace/AIRHOUND/ws_ros2/build/airhound_perception/prefix_override:/usr/lib/python3/dist-packages/colcon_core/task/python/colcon_distutils_commands:/home/rylan/Documents/school/EPPL/simulation_workspace/AIRHOUND/ws_ros2/install/airhound_perception/lib/python3.12/site-packages:'}, 'shell': False}
[1.289233] (Tracking-Geometry) Command: {'cmd': ['/usr/bin/python3', '-W', 'ignore:setup.py install is deprecated', '-W', 'ignore:easy_install command is deprecated', 'setup.py', 'egg_info', '--egg-base', '../../build/Tracking-Geometry', 'build', '--build-base', '/home/rylan/Documents/school/EPPL/simulation_workspace/AIRHOUND/ws_ros2/build/Tracking-Geometry/build', 'install', '--record', '/home/rylan/Documents/school/EPPL/simulation_workspace/AIRHOUND/ws_ros2/build/Tracking-Geometry/install.log', '--single-version-externally-managed', 'install_data'], 'cwd': '/home/rylan/Documents/school/EPPL/simulation_workspace/AIRHOUND/ws_ros2/src/Tracking-Geometry', 'env': {'KDE_FULL_SESSION': 'true', 'LESSOPEN': '| /usr/bin/lesspipe %s', 'PAM_KWALLET5_LOGIN': '/run/user/1000/kwallet5.socket', 'USER': 'rylan', 'ZED_ENVIRONMENT': 'worktree-shell', 'QT_SCREEN_SCALE_FACTORS': 'eDP-1=1;DP-1=1;HDMI-1=1;', 'XDG_SEAT': 'seat0', 'SSH_AGENT_PID': '3762', 'STM32CubeMX_PATH': '/home/rylan/Documents/school/spring_2025/CEC_320/CubeMX', 'XDG_SESSION_TYPE': 'x11', 'LD_LIBRARY_PATH': '/usr/local/cuda/lib64:', 'SHLVL': '1', 'XCURSOR_SIZE': '24', 'HOME': '/home/rylan', 'KDE_APPLICATIONS_AS_SCOPE': '1', 'OLDPWD': '/home/rylan/Documents/school/EPPL/simulation_workspace/AIRHOUND', 'DESKTOP_SESSION': 'plasma', 'NVM_BIN': '/home/rylan/.nvm/versions/node/v22.18.0/bin', 'TERM_PROGRAM_VERSION': '0.210.4', 'ZED_TERM': 'true', 'NVM_INC': '/home/rylan/.nvm/versions/node/v22.18.0/include/node', 'GTK_MODULES': 'gail:atk-bridge', 'GTK_RC_FILES': '/etc/gtk/gtkrc:/home/rylan/.gtkrc:/home/rylan/.config/gtkrc', 'KDE_SESSION_VERSION': '5', 'PAGER': '', 'XDG_SEAT_PATH': '/org/freedesktop/DisplayManager/Seat0', 'MANAGERPID': '3552', 'DBUS_SESSION_BUS_ADDRESS': 'unix:path=/run/user/1000/bus', 'GSM_SKIP_SSH_AGENT_WORKAROUND': 'true', 'SSH_ASKPASS': '/usr/bin/ksshaskpass', 'SYSTEMD_EXEC_PID': '63658', 'COLORTERM': 'truecolor', 'DEBUGINFOD_URLS': 'https://debuginfod.ubuntu.com', 'NVM_DIR': '/home/rylan/.nvm', 'IM_CONFIG_PHASE': '1', 'GTK_IM_MODULE': 'ibus', 'LOGNAME': 'rylan', 'JOURNAL_STREAM': '8:260254', 'QT_AUTO_SCREEN_SCALE_FACTOR': '0', 'WINDOWID': '4294967333', '_': 'ws_ros2', 'MEMORY_PRESSURE_WATCH': '/sys/fs/cgroup/user.slice/user-1000.slice/user@1000.service/session.slice/plasma-plasmashell.service/memory.pressure', 'PKG_CONFIG_PATH': '/usr/lib/x86_64-linux-gnu/pkgconfig:/usr/lib/x86_64-linux-gnu/pkgconfig:/usr/lib/x86_64-linux-gnu/pkgconfig:', 'XDG_SESSION_CLASS': 'user', 'TERM': 'xterm-256color', 'XDG_SESSION_ID': '3', 'RUSTUP_HOME': '/home/rylan/.rustup', 'GTK2_RC_FILES': '/etc/gtk-2.0/gtkrc:/home/rylan/.gtkrc-2.0:/home/rylan/.config/gtkrc-2.0', 'ZED_FORCE_CLI_MODE': '', 'PATH': '/home/rylan/.local/bin:/home/rylan/.nvm/versions/node/v22.18.0/bin:/usr/local/texlive/2024/bin/x86_64-linux:/home/rylan/.local/bin:/usr/local/sbin:/usr/local/bin:/usr/sbin:/usr/bin:/sbin:/bin:/home/rylan/.cargo/bin:/snap/bin', 'INVOCATION_ID': 'd22bd170ee4c4783b487dc80a0710b0e', 'SESSION_MANAGER': 'local/TheMachine:@/tmp/.ICE-unix/3968,unix/TheMachine:/tmp/.ICE-unix/3968', 'XCURSOR_THEME': 'KDE_Classic', 'XDG_RUNTIME_DIR': '/run/user/1000', 'XDG_SESSION_PATH': '/org/freedesktop/DisplayManager/Session1', 'DISPLAY': ':0', 'ICEAUTHORITY': '/run/user/1000/iceauth_oTlCQJ', 'LANG': 'en_US.UTF-8', 'XDG_CURRENT_DESKTOP': 'KDE', 'LS_COLORS': '', 'TERM_PROGRAM': 'zed', 'XAUTHORITY': '/tmp/xauth_XMawvR', 'XDG_SESSION_DESKTOP': 'KDE', 'XMODIFIERS': '@im=ibus', 'SSH_AUTH_SOCK': '/tmp/ssh-OAoylvwu44CQ/agent.3662', 'SHELL': '/bin/bash', 'QT_ACCESSIBILITY': '1', 'LESSCLOSE': '/usr/bin/lesspipe %s %s', 'GPG_AGENT_INFO': '/run/user/1000/gnupg/S.gpg-agent:0:1', 'ALACRITTY_WINDOW_ID': '4294967333', 'QT_IM_MODULE': 'ibus', 'XDG_VTNR': '2', 'CUDA_HOME': '/usr/local/cuda', 'PWD': '/home/rylan/Documents/school/EPPL/simulation_workspace/AIRHOUND/ws_ros2/build/Tracking-Geometry', 'CARGO_HOME': '/home/rylan/.cargo', 'CLUTTER_IM_MODULE': 'ibus', 'NVM_CD_FLAGS': '', 'XDG_CONFIG_DIRS': '/home/rylan/.config/kdedefaults:/etc/xdg/xdg-plasma:/etc/xdg:/usr/share/kubuntu-default-settings/kf5-settings', 'XDG_DATA_DIRS': '/usr/share/plasma:/usr/share/gnome:/home/rylan/.local/share/flatpak/exports/share:/var/lib/flatpak/exports/share:/usr/local/share:/usr/share:/var/lib/snapd/desktop', 'QTWEBENGINE_DICTIONARIES_PATH': '/usr/share/hunspell-bdic/', 'KDE_SESSION_UID': '1000', 'COLCON': '1', 'MEMORY_PRESSURE_WRITE': 'c29tZSAyMDAwMDAgMjAwMDAwMAA=', 'PYTHONPATH': '/home/rylan/Documents/school/EPPL/simulation_workspace/AIRHOUND/ws_ros2/build/Tracking-Geometry/prefix_override:/usr/lib/python3/dist-packages/colcon_core/task/python/colcon_distutils_commands:/home/rylan/Documents/school/EPPL/simulation_workspace/AIRHOUND/ws_ros2/install/Tracking-Geometry/lib/python3.12/site-packages:'}, 'shell': False}
[1.301346] (offboard_control) StderrLine: {'line': b'CMake Error at CMakeLists.txt:9 (find_package):\n'}
[1.301707] (offboard_control) StderrLine: {'line': b'  By not providing "Findament_cmake.cmake" in CMAKE_MODULE_PATH this project\n'}
[1.301897] (offboard_control) StderrLine: {'line': b'  has asked CMake to find a package configuration file provided by\n'}
[1.302069] (offboard_control) StderrLine: {'line': b'  "ament_cmake", but CMake did not find one.\n'}
[1.302292] (offboard_control) StderrLine: {'line': b'\n'}
[1.302470] (offboard_control) StderrLine: {'line': b'  Could not find a package configuration file provided by "ament_cmake" with\n'}
[1.302638] (-) TimerEvent: {}
[1.302671] (offboard_control) StderrLine: {'line': b'  any of the following names:\n'}
[1.302834] (offboard_control) StderrLine: {'line': b'\n'}
[1.302996] (offboard_control) StderrLine: {'line': b'    ament_cmakeConfig.cmake\n'}
[1.303155] (offboard_control) StderrLine: {'line': b'    ament_cmake-config.cmake\n'}
[1.303315] (offboard_control) StderrLine: {'line': b'\n'}
[1.303489] (offboard_control) StderrLine: {'line': b'  Add the installation prefix of "ament_cmake" to CMAKE_PREFIX_PATH or set\n'}
[1.303657] (offboard_control) StderrLine: {'line': b'  "ament_cmake_DIR" to a directory containing one of the above files.  If\n'}
[1.303818] (offboard_control) StderrLine: {'line': b'  "ament_cmake" provides a separate development package or SDK, be sure it\n'}
[1.303979] (offboard_control) StderrLine: {'line': b'  has been installed.\n'}
[1.304142] (offboard_control) StderrLine: {'line': b'\n'}
[1.304303] (offboard_control) StderrLine: {'line': b'\n'}
[1.304474] (offboard_control) StdoutLine: {'line': b'-- Configuring incomplete, errors occurred!\n'}
[1.305399] (offboard_control) CommandEnded: {'returncode': 1}
[1.340623] (offboard_control) JobEnded: {'identifier': 'offboard_control', 'rc': 1}
[1.402762] (-) TimerEvent: {}
[1.502988] (-) TimerEvent: {}
[1.603327] (-) TimerEvent: {}
[1.607907] (airhound_perception) StdoutLine: {'line': b'running egg_info\n'}
[1.616821] (Tracking-Geometry) StdoutLine: {'line': b'running egg_info\n'}
[1.617292] (Tracking-Geometry) StdoutLine: {'line': b'creating ../../build/Tracking-Geometry/Tracking_Geometry.egg-info\n'}
[1.624341] (airhound_perception) StdoutLine: {'line': b'writing ../../build/airhound_perception/airhound_perception.egg-info/PKG-INFO\n'}
[1.624883] (airhound_perception) StdoutLine: {'line': b'writing dependency_links to ../../build/airhound_perception/airhound_perception.egg-info/dependency_links.txt\n'}
[1.625264] (airhound_perception) StdoutLine: {'line': b'writing entry points to ../../build/airhound_perception/airhound_perception.egg-info/entry_points.txt\n'}
[1.625487] (airhound_perception) StdoutLine: {'line': b'writing requirements to ../../build/airhound_perception/airhound_perception.egg-info/requires.txt\n'}
[1.625676] (airhound_perception) StdoutLine: {'line': b'writing top-level names to ../../build/airhound_perception/airhound_perception.egg-info/top_level.txt\n'}
[1.633839] (Tracking-Geometry) StdoutLine: {'line': b'writing ../../build/Tracking-Geometry/Tracking_Geometry.egg-info/PKG-INFO\n'}
[1.634391] (Tracking-Geometry) StdoutLine: {'line': b'writing dependency_links to ../../build/Tracking-Geometry/Tracking_Geometry.egg-info/dependency_links.txt\n'}
[1.634592] (Tracking-Geometry) StdoutLine: {'line': b'writing entry points to ../../build/Tracking-Geometry/Tracking_Geometry.egg-info/entry_points.txt\n'}
[1.634912] (Tracking-Geometry) StdoutLine: {'line': b'writing requirements to ../../build/Tracking-Geometry/Tracking_Geometry.egg-info/requires.txt\n'}
[1.635066] (Tracking-Geometry) StdoutLine: {'line': b'writing top-level names to ../../build/Tracking-Geometry/Tracking_Geometry.egg-info/top_level.txt\n'}
[1.635213] (Tracking-Geometry) StdoutLine: {'line': b"writing manifest file '../../build/Tracking-Geometry/Tracking_Geometry.egg-info/SOURCES.txt'\n"}
[1.662314] (airhound_perception) StdoutLine: {'line': b"reading manifest file '../../build/airhound_perception/airhound_perception.egg-info/SOURCES.txt'\n"}
[1.663556] (airhound_perception) StdoutLine: {'line': b"writing manifest file '../../build/airhound_perception/airhound_perception.egg-info/SOURCES.txt'\n"}
[1.663767] (airhound_perception) StdoutLine: {'line': b'running build\n'}
[1.663869] (airhound_perception) StdoutLine: {'line': b'running build_py\n'}
[1.664142] (airhound_perception) StdoutLine: {'line': b'copying airhound_perception/yolo_detector.py -> /home/rylan/Documents/school/EPPL/simulation_workspace/AIRHOUND/ws_ros2/build/airhound_perception/build/lib/airhound_perception\n'}
[1.664385] (airhound_perception) StdoutLine: {'line': b'copying airhound_perception/synthetic_camera.py -> /home/rylan/Documents/school/EPPL/simulation_workspace/AIRHOUND/ws_ros2/build/airhound_perception/build/lib/airhound_perception\n'}
[1.664610] (airhound_perception) StdoutLine: {'line': b'copying airhound_perception/mock_detector.py -> /home/rylan/Documents/school/EPPL/simulation_workspace/AIRHOUND/ws_ros2/build/airhound_perception/build/lib/airhound_perception\n'}
[1.664706] (airhound_perception) StdoutLine: {'line': b'copying airhound_perception/detector_node.py -> /home/rylan/Documents/school/EPPL/simulation_workspace/AIRHOUND/ws_ros2/build/airhound_perception/build/lib/airhound_perception\n'}
[1.664793] (airhound_perception) StdoutLine: {'line': b'copying airhound_perception/__init__.py -> /home/rylan/Documents/school/EPPL/simulation_workspace/AIRHOUND/ws_ros2/build/airhound_perception/build/lib/airhound_perception\n'}
[1.664962] (airhound_perception) StdoutLine: {'line': b'running install\n'}
[1.670119] (Tracking-Geometry) StdoutLine: {'line': b"reading manifest file '../../build/Tracking-Geometry/Tracking_Geometry.egg-info/SOURCES.txt'\n"}
[1.671221] (Tracking-Geometry) StdoutLine: {'line': b"writing manifest file '../../build/Tracking-Geometry/Tracking_Geometry.egg-info/SOURCES.txt'\n"}
[1.671449] (Tracking-Geometry) StdoutLine: {'line': b'running build\n'}
[1.671559] (Tracking-Geometry) StdoutLine: {'line': b'running build_py\n'}
[1.671915] (Tracking-Geometry) StdoutLine: {'line': b'creating /home/rylan/Documents/school/EPPL/simulation_workspace/AIRHOUND/ws_ros2/build/Tracking-Geometry/build\n'}
[1.672151] (Tracking-Geometry) StdoutLine: {'line': b'creating /home/rylan/Documents/school/EPPL/simulation_workspace/AIRHOUND/ws_ros2/build/Tracking-Geometry/build/lib\n'}
[1.672264] (Tracking-Geometry) StdoutLine: {'line': b'creating /home/rylan/Documents/school/EPPL/simulation_workspace/AIRHOUND/ws_ros2/build/Tracking-Geometry/build/lib/tracking_geometry\n'}
[1.672363] (Tracking-Geometry) StdoutLine: {'line': b'copying tracking_geometry/tracking.py -> /home/rylan/Documents/school/EPPL/simulation_workspace/AIRHOUND/ws_ros2/build/Tracking-Geometry/build/lib/tracking_geometry\n'}
[1.672762] (Tracking-Geometry) StdoutLine: {'line': b'copying tracking_geometry/__init__.py -> /home/rylan/Documents/school/EPPL/simulation_workspace/AIRHOUND/ws_ros2/build/Tracking-Geometry/build/lib/tracking_geometry\n'}
[1.672901] (Tracking-Geometry) StdoutLine: {'line': b'running install\n'}
[1.675583] (airhound_perception) StdoutLine: {'line': b'running install_lib\n'}
[1.682610] (Tracking-Geometry) StdoutLine: {'line': b'running install_lib\n'}
[1.692516] (airhound_perception) StdoutLine: {'line': b'copying /home/rylan/Documents/school/EPPL/simulation_workspace/AIRHOUND/ws_ros2/build/airhound_perception/build/lib/airhound_perception/yolo_detector.py -> /home/rylan/Documents/school/EPPL/simulation_workspace/AIRHOUND/ws_ros2/install/airhound_perception/lib/python3.12/site-packages/airhound_perception\n'}
[1.693161] (airhound_perception) StdoutLine: {'line': b'copying /home/rylan/Documents/school/EPPL/simulation_workspace/AIRHOUND/ws_ros2/build/airhound_perception/build/lib/airhound_perception/synthetic_camera.py -> /home/rylan/Documents/school/EPPL/simulation_workspace/AIRHOUND/ws_ros2/install/airhound_perception/lib/python3.12/site-packages/airhound_perception\n'}
[1.693374] (airhound_perception) StdoutLine: {'line': b'copying /home/rylan/Documents/school/EPPL/simulation_workspace/AIRHOUND/ws_ros2/build/airhound_perception/build/lib/airhound_perception/mock_detector.py -> /home/rylan/Documents/school/EPPL/simulation_workspace/AIRHOUND/ws_ros2/install/airhound_perception/lib/python3.12/site-packages/airhound_perception\n'}
[1.693495] (airhound_perception) StdoutLine: {'line': b'copying /home/rylan/Documents/school/EPPL/simulation_workspace/AIRHOUND/ws_ros2/build/airhound_perception/build/lib/airhound_perception/detector_node.py -> /home/rylan/Documents/school/EPPL/simulation_workspace/AIRHOUND/ws_ros2/install/airhound_perception/lib/python3.12/site-packages/airhound_perception\n'}
[1.693596] (airhound_perception) StdoutLine: {'line': b'copying /home/rylan/Documents/school/EPPL/simulation_workspace/AIRHOUND/ws_ros2/build/airhound_perception/build/lib/airhound_perception/__init__.py -> /home/rylan/Documents/school/EPPL/simulation_workspace/AIRHOUND/ws_ros2/install/airhound_perception/lib/python3.12/site-packages/airhound_perception\n'}
[1.693937] (airhound_perception) StdoutLine: {'line': b'byte-compiling /home/rylan/Documents/school/EPPL/simulation_workspace/AIRHOUND/ws_ros2/install/airhound_perception/lib/python3.12/site-packages/airhound_perception/yolo_detector.py to yolo_detector.cpython-312.pyc\n'}
[1.697139] (airhound_perception) StdoutLine: {'line': b'byte-compiling /home/rylan/Documents/school/EPPL/simulation_workspace/AIRHOUND/ws_ros2/install/airhound_perception/lib/python3.12/site-packages/airhound_perception/synthetic_camera.py to synthetic_camera.cpython-312.pyc\n'}
[1.699438] (Tracking-Geometry) StdoutLine: {'line': b'creating /home/rylan/Documents/school/EPPL/simulation_workspace/AIRHOUND/ws_ros2/install/Tracking-Geometry/lib/python3.12/site-packages/tracking_geometry\n'}
[1.699720] (Tracking-Geometry) StdoutLine: {'line': b'copying /home/rylan/Documents/school/EPPL/simulation_workspace/AIRHOUND/ws_ros2/build/Tracking-Geometry/build/lib/tracking_geometry/tracking.py -> /home/rylan/Documents/school/EPPL/simulation_workspace/AIRHOUND/ws_ros2/install/Tracking-Geometry/lib/python3.12/site-packages/tracking_geometry\n'}
[1.700099] (Tracking-Geometry) StdoutLine: {'line': b'copying /home/rylan/Documents/school/EPPL/simulation_workspace/AIRHOUND/ws_ros2/build/Tracking-Geometry/build/lib/tracking_geometry/__init__.py -> /home/rylan/Documents/school/EPPL/simulation_workspace/AIRHOUND/ws_ros2/install/Tracking-Geometry/lib/python3.12/site-packages/tracking_geometry\n'}
[1.700372] (airhound_perception) StdoutLine: {'line': b'byte-compiling /home/rylan/Documents/school/EPPL/simulation_workspace/AIRHOUND/ws_ros2/install/airhound_perception/lib/python3.12/site-packages/airhound_perception/mock_detector.py to mock_detector.cpython-312.pyc\n'}
[1.700720] (Tracking-Geometry) StdoutLine: {'line': b'byte-compiling /home/rylan/Documents/school/EPPL/simulation_workspace/AIRHOUND/ws_ros2/install/Tracking-Geometry/lib/python3.12/site-packages/tracking_geometry/tracking.py to tracking.cpython-312.pyc\n'}
[1.702342] (Tracking-Geometry) StdoutLine: {'line': b'byte-compiling /home/rylan/Documents/school/EPPL/simulation_workspace/AIRHOUND/ws_ros2/install/Tracking-Geometry/lib/python3.12/site-packages/tracking_geometry/__init__.py to __init__.cpython-312.pyc\n'}
[1.702805] (Tracking-Geometry) StdoutLine: {'line': b'running install_data\n'}
[1.703027] (Tracking-Geometry) StdoutLine: {'line': b'creating /home/rylan/Documents/school/EPPL/simulation_workspace/AIRHOUND/ws_ros2/install/Tracking-Geometry/share/ament_index\n'}
[1.703166] (Tracking-Geometry) StdoutLine: {'line': b'creating /home/rylan/Documents/school/EPPL/simulation_workspace/AIRHOUND/ws_ros2/install/Tracking-Geometry/share/ament_index/resource_index\n'}
[1.703604] (-) TimerEvent: {}
[1.703662] (Tracking-Geometry) StdoutLine: {'line': b'creating /home/rylan/Documents/school/EPPL/simulation_workspace/AIRHOUND/ws_ros2/install/Tracking-Geometry/share/ament_index/resource_index/packages\n'}
[1.703842] (Tracking-Geometry) StdoutLine: {'line': b'copying resource/Tracking-Geometry -> /home/rylan/Documents/school/EPPL/simulation_workspace/AIRHOUND/ws_ros2/install/Tracking-Geometry/share/ament_index/resource_index/packages\n'}
[1.703943] (Tracking-Geometry) StdoutLine: {'line': b'copying package.xml -> /home/rylan/Documents/school/EPPL/simulation_workspace/AIRHOUND/ws_ros2/install/Tracking-Geometry/share/Tracking-Geometry\n'}
[1.704037] (Tracking-Geometry) StdoutLine: {'line': b'creating /home/rylan/Documents/school/EPPL/simulation_workspace/AIRHOUND/ws_ros2/install/Tracking-Geometry/share/Tracking-Geometry/launch\n'}
[1.704131] (Tracking-Geometry) StdoutLine: {'line': b'copying launch/tracking.launch.py -> /home/rylan/Documents/school/EPPL/simulation_workspace/AIRHOUND/ws_ros2/install/Tracking-Geometry/share/Tracking-Geometry/launch\n'}
[1.704211] (Tracking-Geometry) StdoutLine: {'line': b'running install_egg_info\n'}
[1.704296] (airhound_perception) StdoutLine: {'line': b'byte-compiling /home/rylan/Documents/school/EPPL/simulation_workspace/AIRHOUND/ws_ros2/install/airhound_perception/lib/python3.12/site-packages/airhound_perception/detector_node.py to detector_node.cpython-312.pyc\n'}
[1.706991] (airhound_perception) StdoutLine: {'line': b'byte-compiling /home/rylan/Documents/school/EPPL/simulation_workspace/AIRHOUND/ws_ros2/install/airhound_perception/lib/python3.12/site-packages/airhound_perception/__init__.py to __init__.cpython-312.pyc\n'}
[1.707517] (airhound_perception) StdoutLine: {'line': b'running install_data\n'}
[1.707708] (airhound_perception) StdoutLine: {'line': b'copying resource/airhound_perception -> /home/rylan/Documents/school/EPPL/simulation_workspace/AIRHOUND/ws_ros2/install/airhound_perception/share/ament_index/resource_index/packages\n'}
[1.708134] (airhound_perception) StdoutLine: {'line': b'copying package.xml -> /home/rylan/Documents/school/EPPL/simulation_workspace/AIRHOUND/ws_ros2/install/airhound_perception/share/airhound_perception\n'}
[1.708381] (airhound_perception) StdoutLine: {'line': b'copying launch/perception.launch.py -> /home/rylan/Documents/school/EPPL/simulation_workspace/AIRHOUND/ws_ros2/install/airhound_perception/share/airhound_perception/launch\n'}
[1.708896] (airhound_perception) StdoutLine: {'line': b'copying launch/system.launch.py -> /home/rylan/Documents/school/EPPL/simulation_workspace/AIRHOUND/ws_ros2/install/airhound_perception/share/airhound_perception/launch\n'}
[1.709094] (airhound_perception) StdoutLine: {'line': b'copying launch/synthetic_test.launch.py -> /home/rylan/Documents/school/EPPL/simulation_workspace/AIRHOUND/ws_ros2/install/airhound_perception/share/airhound_perception/launch\n'}
[1.709263] (airhound_perception) StdoutLine: {'line': b'copying launch/sim_test.launch.py -> /home/rylan/Documents/school/EPPL/simulation_workspace/AIRHOUND/ws_ros2/install/airhound_perception/share/airhound_perception/launch\n'}
[1.709438] (airhound_perception) StdoutLine: {'line': b'copying launch/record_bag.launch.py -> /home/rylan/Documents/school/EPPL/simulation_workspace/AIRHOUND/ws_ros2/install/airhound_perception/share/airhound_perception/launch\n'}
[1.709610] (airhound_perception) StdoutLine: {'line': b'copying env_hook/airhound_perception_env.sh -> /home/rylan/Documents/school/EPPL/simulation_workspace/AIRHOUND/ws_ros2/install/airhound_perception/share/airhound_perception/env_hook\n'}
[1.709768] (airhound_perception) StdoutLine: {'line': b'copying config/perception.yaml -> /home/rylan/Documents/school/EPPL/simulation_workspace/AIRHOUND/ws_ros2/install/airhound_perception/share/airhound_perception/config\n'}
[1.709923] (airhound_perception) StdoutLine: {'line': b'running install_egg_info\n'}
[1.722248] (Tracking-Geometry) StdoutLine: {'line': b'Copying ../../build/Tracking-Geometry/Tracking_Geometry.egg-info to /home/rylan/Documents/school/EPPL/simulation_workspace/AIRHOUND/ws_ros2/install/Tracking-Geometry/lib/python3.12/site-packages/Tracking_Geometry-0.0.0-py3.12.egg-info\n'}
[1.723237] (Tracking-Geometry) StdoutLine: {'line': b'running install_scripts\n'}
[1.727930] (airhound_perception) StdoutLine: {'line': b"removing '/home/rylan/Documents/school/EPPL/simulation_workspace/AIRHOUND/ws_ros2/install/airhound_perception/lib/python3.12/site-packages/airhound_perception-0.0.1-py3.12.egg-info' (and everything under it)\n"}
[1.728341] (airhound_perception) StdoutLine: {'line': b'Copying ../../build/airhound_perception/airhound_perception.egg-info to /home/rylan/Documents/school/EPPL/simulation_workspace/AIRHOUND/ws_ros2/install/airhound_perception/lib/python3.12/site-packages/airhound_perception-0.0.1-py3.12.egg-info\n'}
[1.729199] (airhound_perception) StdoutLine: {'line': b'running install_scripts\n'}
[1.803722] (-) TimerEvent: {}
[1.860236] (Tracking-Geometry) StdoutLine: {'line': b'Installing tracking_node script to /home/rylan/Documents/school/EPPL/simulation_workspace/AIRHOUND/ws_ros2/install/Tracking-Geometry/lib/Tracking-Geometry\n'}
[1.860845] (Tracking-Geometry) StdoutLine: {'line': b"writing list of installed files to '/home/rylan/Documents/school/EPPL/simulation_workspace/AIRHOUND/ws_ros2/build/Tracking-Geometry/install.log'\n"}
[1.862834] (airhound_perception) StdoutLine: {'line': b'Installing detector_node script to /home/rylan/Documents/school/EPPL/simulation_workspace/AIRHOUND/ws_ros2/install/airhound_perception/lib/airhound_perception\n'}
[1.863438] (airhound_perception) StdoutLine: {'line': b'Installing mock_detector script to /home/rylan/Documents/school/EPPL/simulation_workspace/AIRHOUND/ws_ros2/install/airhound_perception/lib/airhound_perception\n'}
[1.863629] (airhound_perception) StdoutLine: {'line': b'Installing synthetic_camera script to /home/rylan/Documents/school/EPPL/simulation_workspace/AIRHOUND/ws_ros2/install/airhound_perception/lib/airhound_perception\n'}
[1.864034] (airhound_perception) StdoutLine: {'line': b"writing list of installed files to '/home/rylan/Documents/school/EPPL/simulation_workspace/AIRHOUND/ws_ros2/build/airhound_perception/install.log'\n"}
[1.898534] (Tracking-Geometry) JobEnded: {'identifier': 'Tracking-Geometry', 'rc': 'SIGINT'}
[1.902868] (airhound_perception) JobEnded: {'identifier': 'airhound_perception', 'rc': 'SIGINT'}
[1.903811] (-) TimerEvent: {}
[1.913497] (-) EventReactorShutdown: {}
