[0.292s] DEBUG:colcon:Command line arguments: ['/usr/bin/colcon', 'build', '--packages-select', 'Tracking-Geometry', 'airhound_perception', 'offboard_control']
[0.292s] DEBUG:colcon:Parsed command line arguments: Namespace(log_base=None, log_level=None, verb_name='build', build_base='build', install_base='install', merge_install=False, symlink_install=False, test_result_base=None, continue_on_error=False, executor='parallel', parallel_workers=32, event_handlers=None, ignore_user_meta=False, metas=['./colcon.meta'], base_paths=['.'], packages_ignore=None, packages_ignore_regex=None, paths=None, packages_up_to=None, packages_up_to_regex=None, packages_above=None, packages_above_and_dependencies=None, packages_above_depth=None, packages_select_by_dep=None, packages_skip_by_dep=None, packages_skip_up_to=None, packages_select_build_failed=False, packages_skip_build_finished=False, packages_select_test_failures=False, packages_skip_test_passed=False, packages_select=['Tracking-Geometry', 'airhound_perception', 'offboard_control'], packages_skip=None, packages_select_regex=None, packages_skip_regex=None, packages_start=None, packages_end=None, allow_overriding=[], cmake_args=None, cmake_target=None, cmake_target_skip_unavailable=False, cmake_clean_cache=False, cmake_clean_first=False, cmake_force_configure=False, ament_cmake_args=None, catkin_cmake_args=None, catkin_skip_building_tests=False, verb_parser=<colcon_defaults.argument_parser.defaults.DefaultArgumentsDecorator object at 0x7aa524f4f470>, verb_extension=<colcon_core.verb.build.BuildVerb object at 0x7aa524f4f200>, main=<bound method BuildVerb.main of <colcon_core.verb.build.BuildVerb object at 0x7aa524f4f200>>)
[0.360s] Level 1:colcon.colcon_core.package_discovery:discover_packages(colcon_meta) check parameters
[0.360s] Level 1:colcon.colcon_core.package_discovery:discover_packages(recursive) check parameters
[0.360s] Level 1:colcon.colcon_core.package_discovery:discover_packages(ignore) check parameters
[0.360s] Level 1:colcon.colcon_core.package_discovery:discover_packages(path) check parameters
[0.360s] Level 1:colcon.colcon_core.package_discovery:discover_packages(colcon_meta) discover
[0.361s] Level 1:colcon.colcon_core.package_discovery:discover_packages(recursive) discover
[0.361s] INFO:colcon.colcon_core.package_discovery:Crawling recursively for packages in '/home/rylan/Documents/school/EPPL/simulation_workspace/AIRHOUND/ws_ros2'
[0.361s] Level 1:colcon.colcon_core.package_identification:_identify(.) by extensions ['ignore', 'ignore_ament_install']
[0.361s] Level 1:colcon.colcon_core.package_identification:_identify(.) by extension 'ignore'
[0.361s] Level 1:colcon.colcon_core.package_identification:_identify(.) by extension 'ignore_ament_install'
[0.361s] Level 1:colcon.colcon_core.package_identification:_identify(.) by extensions ['colcon_pkg']
[0.361s] Level 1:colcon.colcon_core.package_identification:_identify(.) by extension 'colcon_pkg'
[0.361s] Level 1:colcon.colcon_core.package_identification:_identify(.) by extensions ['colcon_meta']
[0.361s] Level 1:colcon.colcon_core.package_identification:_identify(.) by extension 'colcon_meta'
[0.361s] Level 1:colcon.colcon_core.package_identification:_identify(.) by extensions ['ros']
[0.361s] Level 1:colcon.colcon_core.package_identification:_identify(.) by extension 'ros'
[0.411s] Level 1:colcon.colcon_core.package_identification:_identify(.) by extensions ['cmake', 'python']
[0.411s] Level 1:colcon.colcon_core.package_identification:_identify(.) by extension 'cmake'
[0.411s] Level 1:colcon.colcon_core.package_identification:_identify(.) by extension 'python'
[0.411s] Level 1:colcon.colcon_core.package_identification:_identify(.) by extensions ['python_setup_py']
[0.411s] Level 1:colcon.colcon_core.package_identification:_identify(.) by extension 'python_setup_py'
[0.412s] Level 1:colcon.colcon_core.package_identification:_identify(build) by extensions ['ignore', 'ignore_ament_install']
[0.412s] Level 1:colcon.colcon_core.package_identification:_identify(build) by extension 'ignore'
[0.412s] Level 1:colcon.colcon_core.package_identification:_identify(build) ignored
[0.412s] Level 1:colcon.colcon_core.package_identification:_identify(install) by extensions ['ignore', 'ignore_ament_install']
[0.412s] Level 1:colcon.colcon_core.package_identification:_identify(install) by extension 'ignore'
[0.412s] Level 1:colcon.colcon_core.package_identification:_identify(install) ignored
[0.412s] Level 1:colcon.colcon_core.package_identification:_identify(log) by extensions ['ignore', 'ignore_ament_install']
[0.413s] Level 1:colcon.colcon_core.package_identification:_identify(log) by extension 'ignore'
[0.413s] Level 1:colcon.colcon_core.package_identification:_identify(log) ignored
[0.413s] Level 1:colcon.colcon_core.package_identification:_identify(src) by extensions ['ignore', 'ignore_ament_install']
[0.413s] Level 1:colcon.colcon_core.package_identification:_identify(src) by extension 'ignore'
[0.413s] Level 1:colcon.colcon_core.package_identification:_identify(src) by extension 'ignore_ament_install'
[0.413s] Level 1:colcon.colcon_core.package_identification:_identify(src) by extensions ['colcon_pkg']
[0.413s] Level 1:colcon.colcon_core.package_identification:_identify(src) by extension 'colcon_pkg'
[0.413s] Level 1:colcon.colcon_core.package_identification:_identify(src) by extensions ['colcon_meta']
[0.413s] Level 1:colcon.colcon_core.package_identification:_identify(src) by extension 'colcon_meta'
[0.413s] Level 1:colcon.colcon_core.package_identification:_identify(src) by extensions ['ros']
[0.413s] Level 1:colcon.colcon_core.package_identification:_identify(src) by extension 'ros'
[0.413s] Level 1:colcon.colcon_core.package_identification:_identify(src) by extensions ['cmake', 'python']
[0.413s] Level 1:colcon.colcon_core.package_identification:_identify(src) by extension 'cmake'
[0.413s] Level 1:colcon.colcon_core.package_identification:_identify(src) by extension 'python'
[0.414s] Level 1:colcon.colcon_core.package_identification:_identify(src) by extensions ['python_setup_py']
[0.414s] Level 1:colcon.colcon_core.package_identification:_identify(src) by extension 'python_setup_py'
[0.414s] Level 1:colcon.colcon_core.package_identification:_identify(src/Tracking-Geometry) by extensions ['ignore', 'ignore_ament_install']
[0.414s] Level 1:colcon.colcon_core.package_identification:_identify(src/Tracking-Geometry) by extension 'ignore'
[0.414s] Level 1:colcon.colcon_core.package_identification:_identify(src/Tracking-Geometry) by extension 'ignore_ament_install'
[0.414s] Level 1:colcon.colcon_core.package_identification:_identify(src/Tracking-Geometry) by extensions ['colcon_pkg']
[0.414s] Level 1:colcon.colcon_core.package_identification:_identify(src/Tracking-Geometry) by extension 'colcon_pkg'
[0.414s] Level 1:colcon.colcon_core.package_identification:_identify(src/Tracking-Geometry) by extensions ['colcon_meta']
[0.414s] Level 1:colcon.colcon_core.package_identification:_identify(src/Tracking-Geometry) by extension 'colcon_meta'
[0.414s] Level 1:colcon.colcon_core.package_identification:_identify(src/Tracking-Geometry) by extensions ['ros']
[0.414s] Level 1:colcon.colcon_core.package_identification:_identify(src/Tracking-Geometry) by extension 'ros'
[0.419s] DEBUG:colcon.colcon_core.package_identification:Package 'src/Tracking-Geometry' with type 'ros.ament_python' and name 'Tracking-Geometry'
[0.419s] Level 1:colcon.colcon_core.package_identification:_identify(src/airhound_perception) by extensions ['ignore', 'ignore_ament_install']
[0.420s] Level 1:colcon.colcon_core.package_identification:_identify(src/airhound_perception) by extension 'ignore'
[0.420s] Level 1:colcon.colcon_core.package_identification:_identify(src/airhound_perception) by extension 'ignore_ament_install'
[0.420s] Level 1:colcon.colcon_core.package_identification:_identify(src/airhound_perception) by extensions ['colcon_pkg']
[0.420s] Level 1:colcon.colcon_core.package_identification:_identify(src/airhound_perception) by extension 'colcon_pkg'
[0.420s] Level 1:colcon.colcon_core.package_identification:_identify(src/airhound_perception) by extensions ['colcon_meta']
[0.420s] Level 1:colcon.colcon_core.package_identification:_identify(src/airhound_perception) by extension 'colcon_meta'
[0.420s] Level 1:colcon.colcon_core.package_identification:_identify(src/airhound_perception) by extensions ['ros']
[0.420s] Level 1:colcon.colcon_core.package_identification:_identify(src/airhound_perception) by extension 'ros'
[0.421s] DEBUG:colcon.colcon_core.package_identification:Package 'src/airhound_perception' with type 'ros.ament_python' and name 'airhound_perception'
[0.421s] Level 1:colcon.colcon_core.package_identification:_identify(src/msg) by extensions ['ignore', 'ignore_ament_install']
[0.421s] Level 1:colcon.colcon_core.package_identification:_identify(src/msg) by extension 'ignore'
[0.421s] Level 1:colcon.colcon_core.package_identification:_identify(src/msg) by extension 'ignore_ament_install'
[0.421s] Level 1:colcon.colcon_core.package_identification:_identify(src/msg) by extensions ['colcon_pkg']
[0.421s] Level 1:colcon.colcon_core.package_identification:_identify(src/msg) by extension 'colcon_pkg'
[0.422s] Level 1:colcon.colcon_core.package_identification:_identify(src/msg) by extensions ['colcon_meta']
[0.422s] Level 1:colcon.colcon_core.package_identification:_identify(src/msg) by extension 'colcon_meta'
[0.422s] Level 1:colcon.colcon_core.package_identification:_identify(src/msg) by extensions ['ros']
[0.422s] Level 1:colcon.colcon_core.package_identification:_identify(src/msg) by extension 'ros'
[0.422s] Level 1:colcon.colcon_core.package_identification:_identify(src/msg) by extensions ['cmake', 'python']
[0.422s] Level 1:colcon.colcon_core.package_identification:_identify(src/msg) by extension 'cmake'
[0.422s] Level 1:colcon.colcon_core.package_identification:_identify(src/msg) by extension 'python'
[0.422s] Level 1:colcon.colcon_core.package_identification:_identify(src/msg) by extensions ['python_setup_py']
[0.422s] Level 1:colcon.colcon_core.package_identification:_identify(src/msg) by extension 'python_setup_py'
[0.422s] Level 1:colcon.colcon_core.package_identification:_identify(src/offboard_control) by extensions ['ignore', 'ignore_ament_install']
[0.422s] Level 1:colcon.colcon_core.package_identification:_identify(src/offboard_control) by extension 'ignore'
[0.422s] Level 1:colcon.colcon_core.package_identification:_identify(src/offboard_control) by extension 'ignore_ament_install'
[0.422s] Level 1:colcon.colcon_core.package_identification:_identify(src/offboard_control) by extensions ['colcon_pkg']
[0.422s] Level 1:colcon.colcon_core.package_identification:_identify(src/offboard_control) by extension 'colcon_pkg'
[0.422s] Level 1:colcon.colcon_core.package_identification:_identify(src/offboard_control) by extensions ['colcon_meta']
[0.422s] Level 1:colcon.colcon_core.package_identification:_identify(src/offboard_control) by extension 'colcon_meta'
[0.422s] Level 1:colcon.colcon_core.package_identification:_identify(src/offboard_control) by extensions ['ros']
[0.423s] Level 1:colcon.colcon_core.package_identification:_identify(src/offboard_control) by extension 'ros'
[0.423s] DEBUG:colcon.colcon_core.package_identification:Package 'src/offboard_control' with type 'ros.ament_cmake' and name 'offboard_control'
[0.424s] Level 1:colcon.colcon_core.package_identification:_identify(src/scripts) by extensions ['ignore', 'ignore_ament_install']
[0.424s] Level 1:colcon.colcon_core.package_identification:_identify(src/scripts) by extension 'ignore'
[0.424s] Level 1:colcon.colcon_core.package_identification:_identify(src/scripts) by extension 'ignore_ament_install'
[0.424s] Level 1:colcon.colcon_core.package_identification:_identify(src/scripts) by extensions ['colcon_pkg']
[0.424s] Level 1:colcon.colcon_core.package_identification:_identify(src/scripts) by extension 'colcon_pkg'
[0.424s] Level 1:colcon.colcon_core.package_identification:_identify(src/scripts) by extensions ['colcon_meta']
[0.424s] Level 1:colcon.colcon_core.package_identification:_identify(src/scripts) by extension 'colcon_meta'
[0.424s] Level 1:colcon.colcon_core.package_identification:_identify(src/scripts) by extensions ['ros']
[0.424s] Level 1:colcon.colcon_core.package_identification:_identify(src/scripts) by extension 'ros'
[0.424s] Level 1:colcon.colcon_core.package_identification:_identify(src/scripts) by extensions ['cmake', 'python']
[0.424s] Level 1:colcon.colcon_core.package_identification:_identify(src/scripts) by extension 'cmake'
[0.424s] Level 1:colcon.colcon_core.package_identification:_identify(src/scripts) by extension 'python'
[0.424s] Level 1:colcon.colcon_core.package_identification:_identify(src/scripts) by extensions ['python_setup_py']
[0.424s] Level 1:colcon.colcon_core.package_identification:_identify(src/scripts) by extension 'python_setup_py'
[0.424s] Level 1:colcon.colcon_core.package_identification:_identify(src/scripts/src) by extensions ['ignore', 'ignore_ament_install']
[0.424s] Level 1:colcon.colcon_core.package_identification:_identify(src/scripts/src) by extension 'ignore'
[0.425s] Level 1:colcon.colcon_core.package_identification:_identify(src/scripts/src) by extension 'ignore_ament_install'
[0.425s] Level 1:colcon.colcon_core.package_identification:_identify(src/scripts/src) by extensions ['colcon_pkg']
[0.425s] Level 1:colcon.colcon_core.package_identification:_identify(src/scripts/src) by extension 'colcon_pkg'
[0.425s] Level 1:colcon.colcon_core.package_identification:_identify(src/scripts/src) by extensions ['colcon_meta']
[0.425s] Level 1:colcon.colcon_core.package_identification:_identify(src/scripts/src) by extension 'colcon_meta'
[0.425s] Level 1:colcon.colcon_core.package_identification:_identify(src/scripts/src) by extensions ['ros']
[0.425s] Level 1:colcon.colcon_core.package_identification:_identify(src/scripts/src) by extension 'ros'
[0.425s] Level 1:colcon.colcon_core.package_identification:_identify(src/scripts/src) by extensions ['cmake', 'python']
[0.425s] Level 1:colcon.colcon_core.package_identification:_identify(src/scripts/src) by extension 'cmake'
[0.425s] Level 1:colcon.colcon_core.package_identification:_identify(src/scripts/src) by extension 'python'
[0.425s] Level 1:colcon.colcon_core.package_identification:_identify(src/scripts/src) by extensions ['python_setup_py']
[0.425s] Level 1:colcon.colcon_core.package_identification:_identify(src/scripts/src) by extension 'python_setup_py'
[0.425s] Level 1:colcon.colcon_core.package_identification:_identify(src/scripts/src/examples) by extensions ['ignore', 'ignore_ament_install']
[0.425s] Level 1:colcon.colcon_core.package_identification:_identify(src/scripts/src/examples) by extension 'ignore'
[0.425s] Level 1:colcon.colcon_core.package_identification:_identify(src/scripts/src/examples) by extension 'ignore_ament_install'
[0.425s] Level 1:colcon.colcon_core.package_identification:_identify(src/scripts/src/examples) by extensions ['colcon_pkg']
[0.425s] Level 1:colcon.colcon_core.package_identification:_identify(src/scripts/src/examples) by extension 'colcon_pkg'
[0.426s] Level 1:colcon.colcon_core.package_identification:_identify(src/scripts/src/examples) by extensions ['colcon_meta']
[0.426s] Level 1:colcon.colcon_core.package_identification:_identify(src/scripts/src/examples) by extension 'colcon_meta'
[0.426s] Level 1:colcon.colcon_core.package_identification:_identify(src/scripts/src/examples) by extensions ['ros']
[0.426s] Level 1:colcon.colcon_core.package_identification:_identify(src/scripts/src/examples) by extension 'ros'
[0.426s] Level 1:colcon.colcon_core.package_identification:_identify(src/scripts/src/examples) by extensions ['cmake', 'python']
[0.426s] Level 1:colcon.colcon_core.package_identification:_identify(src/scripts/src/examples) by extension 'cmake'
[0.426s] Level 1:colcon.colcon_core.package_identification:_identify(src/scripts/src/examples) by extension 'python'
[0.426s] Level 1:colcon.colcon_core.package_identification:_identify(src/scripts/src/examples) by extensions ['python_setup_py']
[0.426s] Level 1:colcon.colcon_core.package_identification:_identify(src/scripts/src/examples) by extension 'python_setup_py'
[0.426s] Level 1:colcon.colcon_core.package_identification:_identify(src/scripts/src/examples/advertisers) by extensions ['ignore', 'ignore_ament_install']
[0.426s] Level 1:colcon.colcon_core.package_identification:_identify(src/scripts/src/examples/advertisers) by extension 'ignore'
[0.426s] Level 1:colcon.colcon_core.package_identification:_identify(src/scripts/src/examples/advertisers) by extension 'ignore_ament_install'
[0.426s] Level 1:colcon.colcon_core.package_identification:_identify(src/scripts/src/examples/advertisers) by extensions ['colcon_pkg']
[0.426s] Level 1:colcon.colcon_core.package_identification:_identify(src/scripts/src/examples/advertisers) by extension 'colcon_pkg'
[0.426s] Level 1:colcon.colcon_core.package_identification:_identify(src/scripts/src/examples/advertisers) by extensions ['colcon_meta']
[0.426s] Level 1:colcon.colcon_core.package_identification:_identify(src/scripts/src/examples/advertisers) by extension 'colcon_meta'
[0.426s] Level 1:colcon.colcon_core.package_identification:_identify(src/scripts/src/examples/advertisers) by extensions ['ros']
[0.427s] Level 1:colcon.colcon_core.package_identification:_identify(src/scripts/src/examples/advertisers) by extension 'ros'
[0.427s] Level 1:colcon.colcon_core.package_identification:_identify(src/scripts/src/examples/advertisers) by extensions ['cmake', 'python']
[0.427s] Level 1:colcon.colcon_core.package_identification:_identify(src/scripts/src/examples/advertisers) by extension 'cmake'
[0.427s] Level 1:colcon.colcon_core.package_identification:_identify(src/scripts/src/examples/advertisers) by extension 'python'
[0.427s] Level 1:colcon.colcon_core.package_identification:_identify(src/scripts/src/examples/advertisers) by extensions ['python_setup_py']
[0.427s] Level 1:colcon.colcon_core.package_identification:_identify(src/scripts/src/examples/advertisers) by extension 'python_setup_py'
[0.427s] Level 1:colcon.colcon_core.package_identification:_identify(src/scripts/src/examples/listeners) by extensions ['ignore', 'ignore_ament_install']
[0.427s] Level 1:colcon.colcon_core.package_identification:_identify(src/scripts/src/examples/listeners) by extension 'ignore'
[0.427s] Level 1:colcon.colcon_core.package_identification:_identify(src/scripts/src/examples/listeners) by extension 'ignore_ament_install'
[0.427s] Level 1:colcon.colcon_core.package_identification:_identify(src/scripts/src/examples/listeners) by extensions ['colcon_pkg']
[0.427s] Level 1:colcon.colcon_core.package_identification:_identify(src/scripts/src/examples/listeners) by extension 'colcon_pkg'
[0.427s] Level 1:colcon.colcon_core.package_identification:_identify(src/scripts/src/examples/listeners) by extensions ['colcon_meta']
[0.427s] Level 1:colcon.colcon_core.package_identification:_identify(src/scripts/src/examples/listeners) by extension 'colcon_meta'
[0.427s] Level 1:colcon.colcon_core.package_identification:_identify(src/scripts/src/examples/listeners) by extensions ['ros']
[0.427s] Level 1:colcon.colcon_core.package_identification:_identify(src/scripts/src/examples/listeners) by extension 'ros'
[0.428s] Level 1:colcon.colcon_core.package_identification:_identify(src/scripts/src/examples/listeners) by extensions ['cmake', 'python']
[0.428s] Level 1:colcon.colcon_core.package_identification:_identify(src/scripts/src/examples/listeners) by extension 'cmake'
[0.428s] Level 1:colcon.colcon_core.package_identification:_identify(src/scripts/src/examples/listeners) by extension 'python'
[0.428s] Level 1:colcon.colcon_core.package_identification:_identify(src/scripts/src/examples/listeners) by extensions ['python_setup_py']
[0.428s] Level 1:colcon.colcon_core.package_identification:_identify(src/scripts/src/examples/listeners) by extension 'python_setup_py'
[0.428s] Level 1:colcon.colcon_core.package_identification:_identify(src/scripts/src/examples/offboard) by extensions ['ignore', 'ignore_ament_install']
[0.428s] Level 1:colcon.colcon_core.package_identification:_identify(src/scripts/src/examples/offboard) by extension 'ignore'
[0.428s] Level 1:colcon.colcon_core.package_identification:_identify(src/scripts/src/examples/offboard) by extension 'ignore_ament_install'
[0.428s] Level 1:colcon.colcon_core.package_identification:_identify(src/scripts/src/examples/offboard) by extensions ['colcon_pkg']
[0.428s] Level 1:colcon.colcon_core.package_identification:_identify(src/scripts/src/examples/offboard) by extension 'colcon_pkg'
[0.428s] Level 1:colcon.colcon_core.package_identification:_identify(src/scripts/src/examples/offboard) by extensions ['colcon_meta']
[0.428s] Level 1:colcon.colcon_core.package_identification:_identify(src/scripts/src/examples/offboard) by extension 'colcon_meta'
[0.428s] Level 1:colcon.colcon_core.package_identification:_identify(src/scripts/src/examples/offboard) by extensions ['ros']
[0.428s] Level 1:colcon.colcon_core.package_identification:_identify(src/scripts/src/examples/offboard) by extension 'ros'
[0.428s] Level 1:colcon.colcon_core.package_identification:_identify(src/scripts/src/examples/offboard) by extensions ['cmake', 'python']
[0.428s] Level 1:colcon.colcon_core.package_identification:_identify(src/scripts/src/examples/offboard) by extension 'cmake'
[0.428s] Level 1:colcon.colcon_core.package_identification:_identify(src/scripts/src/examples/offboard) by extension 'python'
[0.429s] Level 1:colcon.colcon_core.package_identification:_identify(src/scripts/src/examples/offboard) by extensions ['python_setup_py']
[0.429s] Level 1:colcon.colcon_core.package_identification:_identify(src/scripts/src/examples/offboard) by extension 'python_setup_py'
[0.429s] Level 1:colcon.colcon_core.package_identification:_identify(src/scripts/src/examples/offboard_py) by extensions ['ignore', 'ignore_ament_install']
[0.429s] Level 1:colcon.colcon_core.package_identification:_identify(src/scripts/src/examples/offboard_py) by extension 'ignore'
[0.429s] Level 1:colcon.colcon_core.package_identification:_identify(src/scripts/src/examples/offboard_py) by extension 'ignore_ament_install'
[0.429s] Level 1:colcon.colcon_core.package_identification:_identify(src/scripts/src/examples/offboard_py) by extensions ['colcon_pkg']
[0.429s] Level 1:colcon.colcon_core.package_identification:_identify(src/scripts/src/examples/offboard_py) by extension 'colcon_pkg'
[0.429s] Level 1:colcon.colcon_core.package_identification:_identify(src/scripts/src/examples/offboard_py) by extensions ['colcon_meta']
[0.429s] Level 1:colcon.colcon_core.package_identification:_identify(src/scripts/src/examples/offboard_py) by extension 'colcon_meta'
[0.429s] Level 1:colcon.colcon_core.package_identification:_identify(src/scripts/src/examples/offboard_py) by extensions ['ros']
[0.429s] Level 1:colcon.colcon_core.package_identification:_identify(src/scripts/src/examples/offboard_py) by extension 'ros'
[0.429s] Level 1:colcon.colcon_core.package_identification:_identify(src/scripts/src/examples/offboard_py) by extensions ['cmake', 'python']
[0.429s] Level 1:colcon.colcon_core.package_identification:_identify(src/scripts/src/examples/offboard_py) by extension 'cmake'
[0.429s] Level 1:colcon.colcon_core.package_identification:_identify(src/scripts/src/examples/offboard_py) by extension 'python'
[0.429s] Level 1:colcon.colcon_core.package_identification:_identify(src/scripts/src/examples/offboard_py) by extensions ['python_setup_py']
[0.429s] Level 1:colcon.colcon_core.package_identification:_identify(src/scripts/src/examples/offboard_py) by extension 'python_setup_py'
[0.430s] Level 1:colcon.colcon_core.package_identification:_identify(src/scripts/src/lib) by extensions ['ignore', 'ignore_ament_install']
[0.430s] Level 1:colcon.colcon_core.package_identification:_identify(src/scripts/src/lib) by extension 'ignore'
[0.430s] Level 1:colcon.colcon_core.package_identification:_identify(src/scripts/src/lib) by extension 'ignore_ament_install'
[0.430s] Level 1:colcon.colcon_core.package_identification:_identify(src/scripts/src/lib) by extensions ['colcon_pkg']
[0.430s] Level 1:colcon.colcon_core.package_identification:_identify(src/scripts/src/lib) by extension 'colcon_pkg'
[0.430s] Level 1:colcon.colcon_core.package_identification:_identify(src/scripts/src/lib) by extensions ['colcon_meta']
[0.430s] Level 1:colcon.colcon_core.package_identification:_identify(src/scripts/src/lib) by extension 'colcon_meta'
[0.430s] Level 1:colcon.colcon_core.package_identification:_identify(src/scripts/src/lib) by extensions ['ros']
[0.430s] Level 1:colcon.colcon_core.package_identification:_identify(src/scripts/src/lib) by extension 'ros'
[0.430s] Level 1:colcon.colcon_core.package_identification:_identify(src/scripts/src/lib) by extensions ['cmake', 'python']
[0.430s] Level 1:colcon.colcon_core.package_identification:_identify(src/scripts/src/lib) by extension 'cmake'
[0.430s] Level 1:colcon.colcon_core.package_identification:_identify(src/scripts/src/lib) by extension 'python'
[0.430s] Level 1:colcon.colcon_core.package_identification:_identify(src/scripts/src/lib) by extensions ['python_setup_py']
[0.430s] Level 1:colcon.colcon_core.package_identification:_identify(src/scripts/src/lib) by extension 'python_setup_py'
[0.430s] Level 1:colcon.colcon_core.package_discovery:discover_packages(recursive) using defaults
[0.430s] Level 1:colcon.colcon_core.package_discovery:discover_packages(ignore) discover
[0.430s] Level 1:colcon.colcon_core.package_discovery:discover_packages(ignore) using defaults
[0.430s] Level 1:colcon.colcon_core.package_discovery:discover_packages(path) discover
[0.430s] Level 1:colcon.colcon_core.package_discovery:discover_packages(path) using defaults
[0.465s] Level 1:colcon.colcon_core.package_discovery:discover_packages(prefix_path) check parameters
[0.466s] Level 1:colcon.colcon_core.package_discovery:discover_packages(prefix_path) discover
[0.469s] Level 1:colcon.colcon_core.package_discovery:discover_packages(prefix_path) using defaults
[0.472s] Level 5:colcon.colcon_core.verb:set package 'Tracking-Geometry' build argument 'cmake_args' from command line to 'None'
[0.472s] Level 5:colcon.colcon_core.verb:set package 'Tracking-Geometry' build argument 'cmake_target' from command line to 'None'
[0.472s] Level 5:colcon.colcon_core.verb:set package 'Tracking-Geometry' build argument 'cmake_target_skip_unavailable' from command line to 'False'
[0.472s] Level 5:colcon.colcon_core.verb:set package 'Tracking-Geometry' build argument 'cmake_clean_cache' from command line to 'False'
[0.472s] Level 5:colcon.colcon_core.verb:set package 'Tracking-Geometry' build argument 'cmake_clean_first' from command line to 'False'
[0.472s] Level 5:colcon.colcon_core.verb:set package 'Tracking-Geometry' build argument 'cmake_force_configure' from command line to 'False'
[0.472s] Level 5:colcon.colcon_core.verb:set package 'Tracking-Geometry' build argument 'ament_cmake_args' from command line to 'None'
[0.472s] Level 5:colcon.colcon_core.verb:set package 'Tracking-Geometry' build argument 'catkin_cmake_args' from command line to 'None'
[0.473s] Level 5:colcon.colcon_core.verb:set package 'Tracking-Geometry' build argument 'catkin_skip_building_tests' from command line to 'False'
[0.473s] DEBUG:colcon.colcon_core.verb:Building package 'Tracking-Geometry' with the following arguments: {'ament_cmake_args': None, 'build_base': '/home/rylan/Documents/school/EPPL/simulation_workspace/AIRHOUND/ws_ros2/build/Tracking-Geometry', 'catkin_cmake_args': None, 'catkin_skip_building_tests': False, 'cmake_args': None, 'cmake_clean_cache': False, 'cmake_clean_first': False, 'cmake_force_configure': False, 'cmake_target': None, 'cmake_target_skip_unavailable': False, 'install_base': '/home/rylan/Documents/school/EPPL/simulation_workspace/AIRHOUND/ws_ros2/install/Tracking-Geometry', 'merge_install': False, 'path': '/home/rylan/Documents/school/EPPL/simulation_workspace/AIRHOUND/ws_ros2/src/Tracking-Geometry', 'symlink_install': False, 'test_result_base': None}
[0.473s] Level 5:colcon.colcon_core.verb:set package 'airhound_perception' build argument 'cmake_args' from command line to 'None'
[0.473s] Level 5:colcon.colcon_core.verb:set package 'airhound_perception' build argument 'cmake_target' from command line to 'None'
[0.473s] Level 5:colcon.colcon_core.verb:set package 'airhound_perception' build argument 'cmake_target_skip_unavailable' from command line to 'False'
[0.473s] Level 5:colcon.colcon_core.verb:set package 'airhound_perception' build argument 'cmake_clean_cache' from command line to 'False'
[0.473s] Level 5:colcon.colcon_core.verb:set package 'airhound_perception' build argument 'cmake_clean_first' from command line to 'False'
[0.473s] Level 5:colcon.colcon_core.verb:set package 'airhound_perception' build argument 'cmake_force_configure' from command line to 'False'
[0.473s] Level 5:colcon.colcon_core.verb:set package 'airhound_perception' build argument 'ament_cmake_args' from command line to 'None'
[0.473s] Level 5:colcon.colcon_core.verb:set package 'airhound_perception' build argument 'catkin_cmake_args' from command line to 'None'
[0.473s] Level 5:colcon.colcon_core.verb:set package 'airhound_perception' build argument 'catkin_skip_building_tests' from command line to 'False'
[0.473s] DEBUG:colcon.colcon_core.verb:Building package 'airhound_perception' with the following arguments: {'ament_cmake_args': None, 'build_base': '/home/rylan/Documents/school/EPPL/simulation_workspace/AIRHOUND/ws_ros2/build/airhound_perception', 'catkin_cmake_args': None, 'catkin_skip_building_tests': False, 'cmake_args': None, 'cmake_clean_cache': False, 'cmake_clean_first': False, 'cmake_force_configure': False, 'cmake_target': None, 'cmake_target_skip_unavailable': False, 'install_base': '/home/rylan/Documents/school/EPPL/simulation_workspace/AIRHOUND/ws_ros2/install/airhound_perception', 'merge_install': False, 'path': '/home/rylan/Documents/school/EPPL/simulation_workspace/AIRHOUND/ws_ros2/src/airhound_perception', 'symlink_install': False, 'test_result_base': None}
[0.474s] Level 5:colcon.colcon_core.verb:set package 'offboard_control' build argument 'cmake_args' from command line to 'None'
[0.474s] Level 5:colcon.colcon_core.verb:set package 'offboard_control' build argument 'cmake_target' from command line to 'None'
[0.474s] Level 5:colcon.colcon_core.verb:set package 'offboard_control' build argument 'cmake_target_skip_unavailable' from command line to 'False'
[0.474s] Level 5:colcon.colcon_core.verb:set package 'offboard_control' build argument 'cmake_clean_cache' from command line to 'False'
[0.474s] Level 5:colcon.colcon_core.verb:set package 'offboard_control' build argument 'cmake_clean_first' from command line to 'False'
[0.474s] Level 5:colcon.colcon_core.verb:set package 'offboard_control' build argument 'cmake_force_configure' from command line to 'False'
[0.474s] Level 5:colcon.colcon_core.verb:set package 'offboard_control' build argument 'ament_cmake_args' from command line to 'None'
[0.474s] Level 5:colcon.colcon_core.verb:set package 'offboard_control' build argument 'catkin_cmake_args' from command line to 'None'
[0.474s] Level 5:colcon.colcon_core.verb:set package 'offboard_control' build argument 'catkin_skip_building_tests' from command line to 'False'
[0.474s] DEBUG:colcon.colcon_core.verb:Building package 'offboard_control' with the following arguments: {'ament_cmake_args': None, 'build_base': '/home/rylan/Documents/school/EPPL/simulation_workspace/AIRHOUND/ws_ros2/build/offboard_control', 'catkin_cmake_args': None, 'catkin_skip_building_tests': False, 'cmake_args': None, 'cmake_clean_cache': False, 'cmake_clean_first': False, 'cmake_force_configure': False, 'cmake_target': None, 'cmake_target_skip_unavailable': False, 'install_base': '/home/rylan/Documents/school/EPPL/simulation_workspace/AIRHOUND/ws_ros2/install/offboard_control', 'merge_install': False, 'path': '/home/rylan/Documents/school/EPPL/simulation_workspace/AIRHOUND/ws_ros2/src/offboard_control', 'symlink_install': False, 'test_result_base': None}
[0.474s] INFO:colcon.colcon_core.executor:Executing jobs using 'parallel' executor
[0.476s] DEBUG:colcon.colcon_parallel_executor.executor.parallel:run_until_complete
[0.476s] INFO:colcon.colcon_ros.task.ament_python.build:Building ROS package in '/home/rylan/Documents/school/EPPL/simulation_workspace/AIRHOUND/ws_ros2/src/Tracking-Geometry' with build type 'ament_python'
[0.476s] Level 1:colcon.colcon_core.shell:create_environment_hook('Tracking-Geometry', 'ament_prefix_path')
[0.485s] INFO:colcon.colcon_core.plugin_system:Skipping extension 'colcon_core.shell.bat': Not used on non-Windows systems
[0.485s] INFO:colcon.colcon_core.shell:Creating environment hook '/home/rylan/Documents/school/EPPL/simulation_workspace/AIRHOUND/ws_ros2/install/Tracking-Geometry/share/Tracking-Geometry/hook/ament_prefix_path.ps1'
[0.486s] INFO:colcon.colcon_core.shell:Creating environment descriptor '/home/rylan/Documents/school/EPPL/simulation_workspace/AIRHOUND/ws_ros2/install/Tracking-Geometry/share/Tracking-Geometry/hook/ament_prefix_path.dsv'
[0.487s] INFO:colcon.colcon_core.shell:Creating environment hook '/home/rylan/Documents/school/EPPL/simulation_workspace/AIRHOUND/ws_ros2/install/Tracking-Geometry/share/Tracking-Geometry/hook/ament_prefix_path.sh'
[0.488s] INFO:colcon.colcon_core.shell:Skip shell extension 'powershell' for command environment: Not usable outside of PowerShell
[0.488s] DEBUG:colcon.colcon_core.shell:Skip shell extension 'dsv' for command environment
[0.489s] INFO:colcon.colcon_ros.task.ament_python.build:Building ROS package in '/home/rylan/Documents/school/EPPL/simulation_workspace/AIRHOUND/ws_ros2/src/airhound_perception' with build type 'ament_python'
[0.490s] Level 1:colcon.colcon_core.shell:create_environment_hook('airhound_perception', 'ament_prefix_path')
[0.490s] INFO:colcon.colcon_core.shell:Creating environment hook '/home/rylan/Documents/school/EPPL/simulation_workspace/AIRHOUND/ws_ros2/install/airhound_perception/share/airhound_perception/hook/ament_prefix_path.ps1'
[0.491s] INFO:colcon.colcon_core.shell:Creating environment descriptor '/home/rylan/Documents/school/EPPL/simulation_workspace/AIRHOUND/ws_ros2/install/airhound_perception/share/airhound_perception/hook/ament_prefix_path.dsv'
[0.491s] INFO:colcon.colcon_core.shell:Creating environment hook '/home/rylan/Documents/school/EPPL/simulation_workspace/AIRHOUND/ws_ros2/install/airhound_perception/share/airhound_perception/hook/ament_prefix_path.sh'
[0.492s] INFO:colcon.colcon_core.shell:Skip shell extension 'powershell' for command environment: Not usable outside of PowerShell
[0.492s] DEBUG:colcon.colcon_core.shell:Skip shell extension 'dsv' for command environment
[0.493s] INFO:colcon.colcon_ros.task.ament_cmake.build:Building ROS package in '/home/rylan/Documents/school/EPPL/simulation_workspace/AIRHOUND/ws_ros2/src/offboard_control' with build type 'ament_cmake'
[0.494s] INFO:colcon.colcon_cmake.task.cmake.build:Building CMake package in '/home/rylan/Documents/school/EPPL/simulation_workspace/AIRHOUND/ws_ros2/src/offboard_control'
[0.494s] INFO:colcon.colcon_core.shell:Skip shell extension 'powershell' for command environment: Not usable outside of PowerShell
[0.494s] DEBUG:colcon.colcon_core.shell:Skip shell extension 'dsv' for command environment
[0.775s] INFO:colcon.colcon_core.task.python.build:Building Python package in '/home/rylan/Documents/school/EPPL/simulation_workspace/AIRHOUND/ws_ros2/src/Tracking-Geometry'
[0.775s] INFO:colcon.colcon_core.shell:Skip shell extension 'powershell' for command environment: Not usable outside of PowerShell
[0.776s] DEBUG:colcon.colcon_core.shell:Skip shell extension 'dsv' for command environment
[1.054s] INFO:colcon.colcon_core.task.python.build:Building Python package in '/home/rylan/Documents/school/EPPL/simulation_workspace/AIRHOUND/ws_ros2/src/airhound_perception'
[1.054s] INFO:colcon.colcon_core.shell:Skip shell extension 'powershell' for command environment: Not usable outside of PowerShell
[1.054s] DEBUG:colcon.colcon_core.shell:Skip shell extension 'dsv' for command environment
[1.060s] DEBUG:colcon.colcon_core.event_handler.log_command:Invoking command in '/home/rylan/Documents/school/EPPL/simulation_workspace/AIRHOUND/ws_ros2/build/offboard_control': DEBUGINFOD_URLS=https://debuginfod.ubuntu.com /usr/bin/cmake /home/rylan/Documents/school/EPPL/simulation_workspace/AIRHOUND/ws_ros2/src/offboard_control -DCMAKE_INSTALL_PREFIX=/home/rylan/Documents/school/EPPL/simulation_workspace/AIRHOUND/ws_ros2/install/offboard_control
[1.758s] DEBUG:colcon.colcon_core.event_handler.log_command:Invoking command in '/home/rylan/Documents/school/EPPL/simulation_workspace/AIRHOUND/ws_ros2/src/airhound_perception': DEBUGINFOD_URLS=https://debuginfod.ubuntu.com PYTHONPATH=/home/rylan/Documents/school/EPPL/simulation_workspace/AIRHOUND/ws_ros2/build/airhound_perception/prefix_override:/usr/lib/python3/dist-packages/colcon_core/task/python/colcon_distutils_commands:/home/rylan/Documents/school/EPPL/simulation_workspace/AIRHOUND/ws_ros2/install/airhound_perception/lib/python3.12/site-packages: /usr/bin/python3 -W ignore:setup.py install is deprecated -W ignore:easy_install command is deprecated setup.py egg_info --egg-base ../../build/airhound_perception build --build-base /home/rylan/Documents/school/EPPL/simulation_workspace/AIRHOUND/ws_ros2/build/airhound_perception/build install --record /home/rylan/Documents/school/EPPL/simulation_workspace/AIRHOUND/ws_ros2/build/airhound_perception/install.log --single-version-externally-managed install_data
[1.766s] DEBUG:colcon.colcon_core.event_handler.log_command:Invoking command in '/home/rylan/Documents/school/EPPL/simulation_workspace/AIRHOUND/ws_ros2/src/Tracking-Geometry': DEBUGINFOD_URLS=https://debuginfod.ubuntu.com PYTHONPATH=/home/rylan/Documents/school/EPPL/simulation_workspace/AIRHOUND/ws_ros2/build/Tracking-Geometry/prefix_override:/usr/lib/python3/dist-packages/colcon_core/task/python/colcon_distutils_commands:/home/rylan/Documents/school/EPPL/simulation_workspace/AIRHOUND/ws_ros2/install/Tracking-Geometry/lib/python3.12/site-packages: /usr/bin/python3 -W ignore:setup.py install is deprecated -W ignore:easy_install command is deprecated setup.py egg_info --egg-base ../../build/Tracking-Geometry build --build-base /home/rylan/Documents/school/EPPL/simulation_workspace/AIRHOUND/ws_ros2/build/Tracking-Geometry/build install --record /home/rylan/Documents/school/EPPL/simulation_workspace/AIRHOUND/ws_ros2/build/Tracking-Geometry/install.log --single-version-externally-managed install_data
[1.781s] DEBUG:colcon.colcon_core.event_handler.log_command:Invoked command in '/home/rylan/Documents/school/EPPL/simulation_workspace/AIRHOUND/ws_ros2/build/offboard_control' returned '1': DEBUGINFOD_URLS=https://debuginfod.ubuntu.com /usr/bin/cmake /home/rylan/Documents/school/EPPL/simulation_workspace/AIRHOUND/ws_ros2/src/offboard_control -DCMAKE_INSTALL_PREFIX=/home/rylan/Documents/school/EPPL/simulation_workspace/AIRHOUND/ws_ros2/install/offboard_control
[1.802s] Level 1:colcon.colcon_core.environment:create_environment_scripts_only(offboard_control)
[1.809s] Level 1:colcon.colcon_core.environment:checking '/home/rylan/Documents/school/EPPL/simulation_workspace/AIRHOUND/ws_ros2/install/offboard_control' for CMake module files
[1.810s] Level 1:colcon.colcon_core.environment:checking '/home/rylan/Documents/school/EPPL/simulation_workspace/AIRHOUND/ws_ros2/install/offboard_control' for CMake config files
[1.810s] Level 1:colcon.colcon_core.environment:checking '/home/rylan/Documents/school/EPPL/simulation_workspace/AIRHOUND/ws_ros2/install/offboard_control/bin'
[1.811s] Level 1:colcon.colcon_core.environment:checking '/home/rylan/Documents/school/EPPL/simulation_workspace/AIRHOUND/ws_ros2/install/offboard_control/lib/pkgconfig/offboard_control.pc'
[1.811s] Level 1:colcon.colcon_core.environment:checking '/home/rylan/Documents/school/EPPL/simulation_workspace/AIRHOUND/ws_ros2/install/offboard_control/lib/python3.12/site-packages'
[1.811s] Level 1:colcon.colcon_core.environment:checking '/home/rylan/Documents/school/EPPL/simulation_workspace/AIRHOUND/ws_ros2/install/offboard_control/bin'
[1.811s] INFO:colcon.colcon_core.shell:Creating package script '/home/rylan/Documents/school/EPPL/simulation_workspace/AIRHOUND/ws_ros2/install/offboard_control/share/offboard_control/package.ps1'
[1.812s] INFO:colcon.colcon_core.shell:Creating package descriptor '/home/rylan/Documents/school/EPPL/simulation_workspace/AIRHOUND/ws_ros2/install/offboard_control/share/offboard_control/package.dsv'
[1.813s] INFO:colcon.colcon_core.shell:Creating package script '/home/rylan/Documents/school/EPPL/simulation_workspace/AIRHOUND/ws_ros2/install/offboard_control/share/offboard_control/package.sh'
[1.814s] INFO:colcon.colcon_core.shell:Creating package script '/home/rylan/Documents/school/EPPL/simulation_workspace/AIRHOUND/ws_ros2/install/offboard_control/share/offboard_control/package.bash'
[1.814s] INFO:colcon.colcon_core.shell:Creating package script '/home/rylan/Documents/school/EPPL/simulation_workspace/AIRHOUND/ws_ros2/install/offboard_control/share/offboard_control/package.zsh'
[1.815s] Level 1:colcon.colcon_core.environment:create_file_with_runtime_dependencies(/home/rylan/Documents/school/EPPL/simulation_workspace/AIRHOUND/ws_ros2/install/offboard_control/share/colcon-core/packages/offboard_control)
[2.388s] DEBUG:colcon.colcon_parallel_executor.executor.parallel:closing loop
[2.388s] DEBUG:colcon.colcon_parallel_executor.executor.parallel:loop closed
[2.388s] DEBUG:colcon.colcon_parallel_executor.executor.parallel:run_until_complete finished with '1'
[2.388s] DEBUG:colcon.colcon_core.event_reactor:joining thread
[2.401s] INFO:colcon.colcon_core.plugin_system:Skipping extension 'colcon_notification.desktop_notification.terminal_notifier': Not used on non-Darwin systems
[2.401s] INFO:colcon.colcon_core.plugin_system:Skipping extension 'colcon_notification.desktop_notification.win32': Not used on non-Windows systems
[2.402s] INFO:colcon.colcon_notification.desktop_notification:Sending desktop notification using 'notify2'
[2.411s] DEBUG:colcon.colcon_core.event_reactor:joined thread
[2.411s] INFO:colcon.colcon_core.shell:Creating prefix script '/home/rylan/Documents/school/EPPL/simulation_workspace/AIRHOUND/ws_ros2/install/local_setup.ps1'
[2.413s] INFO:colcon.colcon_core.shell:Creating prefix util module '/home/rylan/Documents/school/EPPL/simulation_workspace/AIRHOUND/ws_ros2/install/_local_setup_util_ps1.py'
[2.414s] INFO:colcon.colcon_core.shell:Creating prefix chain script '/home/rylan/Documents/school/EPPL/simulation_workspace/AIRHOUND/ws_ros2/install/setup.ps1'
[2.415s] INFO:colcon.colcon_core.shell:Creating prefix script '/home/rylan/Documents/school/EPPL/simulation_workspace/AIRHOUND/ws_ros2/install/local_setup.sh'
[2.416s] INFO:colcon.colcon_core.shell:Creating prefix util module '/home/rylan/Documents/school/EPPL/simulation_workspace/AIRHOUND/ws_ros2/install/_local_setup_util_sh.py'
[2.416s] INFO:colcon.colcon_core.shell:Creating prefix chain script '/home/rylan/Documents/school/EPPL/simulation_workspace/AIRHOUND/ws_ros2/install/setup.sh'
[2.418s] INFO:colcon.colcon_core.shell:Creating prefix script '/home/rylan/Documents/school/EPPL/simulation_workspace/AIRHOUND/ws_ros2/install/local_setup.bash'
[2.418s] INFO:colcon.colcon_core.shell:Creating prefix chain script '/home/rylan/Documents/school/EPPL/simulation_workspace/AIRHOUND/ws_ros2/install/setup.bash'
[2.419s] INFO:colcon.colcon_core.shell:Creating prefix script '/home/rylan/Documents/school/EPPL/simulation_workspace/AIRHOUND/ws_ros2/install/local_setup.zsh'
[2.420s] INFO:colcon.colcon_core.shell:Creating prefix chain script '/home/rylan/Documents/school/EPPL/simulation_workspace/AIRHOUND/ws_ros2/install/setup.zsh'
