[0.566s] Invoking command in '/home/rylan/Documents/school/EPPL/simulation_workspace/AIRHOUND/ws_ros2/build/offboard_control': DEBUGINFOD_URLS=https://debuginfod.ubuntu.com /usr/bin/cmake /home/rylan/Documents/school/EPPL/simulation_workspace/AIRHOUND/ws_ros2/src/offboard_control -DCMAKE_INSTALL_PREFIX=/home/rylan/Documents/school/EPPL/simulation_workspace/AIRHOUND/ws_ros2/install/offboard_control
[0.702s] -- The C compiler identification is GNU 13.3.0
[0.854s] -- The CXX compiler identification is GNU 13.3.0
[0.888s] -- Detecting C compiler ABI info
[1.038s] -- Detecting C compiler ABI info - done
[1.062s] -- Check for working C compiler: /usr/bin/cc - skipped
[1.063s] -- Detecting C compile features
[1.064s] -- Detecting C compile features - done
[1.082s] -- Detecting CXX compiler ABI info
[1.243s] -- Detecting CXX compiler ABI info - done
[1.260s] -- Check for working CXX compiler: /usr/bin/c++ - skipped
[1.261s] -- Detecting CXX compile features
[1.262s] -- Detecting CXX compile features - done
[1.283s] CMake Error at CMakeLists.txt:9 (find_package):
[1.283s]   By not providing "Findament_cmake.cmake" in CMAKE_MODULE_PATH this project
[1.283s]   has asked CMake to find a package configuration file provided by
[1.283s]   "ament_cmake", but CMake did not find one.
[1.284s] 
[1.284s]   Could not find a package configuration file provided by "ament_cmake" with
[1.284s]   any of the following names:
[1.284s] 
[1.284s]     ament_cmakeConfig.cmake
[1.284s]     ament_cmake-config.cmake
[1.285s] 
[1.285s]   Add the installation prefix of "ament_cmake" to CMAKE_PREFIX_PATH or set
[1.285s]   "ament_cmake_DIR" to a directory containing one of the above files.  If
[1.285s]   "ament_cmake" provides a separate development package or SDK, be sure it
[1.285s]   has been installed.
[1.285s] 
[1.286s] 
[1.286s] -- Configuring incomplete, errors occurred!
[1.287s] Invoked command in '/home/rylan/Documents/school/EPPL/simulation_workspace/AIRHOUND/ws_ros2/build/offboard_control' returned '1': DEBUGINFOD_URLS=https://debuginfod.ubuntu.com /usr/bin/cmake /home/rylan/Documents/school/EPPL/simulation_workspace/AIRHOUND/ws_ros2/src/offboard_control -DCMAKE_INSTALL_PREFIX=/home/rylan/Documents/school/EPPL/simulation_workspace/AIRHOUND/ws_ros2/install/offboard_control
