[0.000000] (-) TimerEvent: {}
[0.000459] (airhound_perception) JobQueued: {'identifier': 'airhound_perception', 'dependencies': OrderedDict()}
[0.001253] (airhound_perception) JobStarted: {'identifier': 'airhound_perception'}
[0.100022] (-) TimerEvent: {}
[0.200372] (-) TimerEvent: {}
[0.300750] (-) TimerEvent: {}
[0.401222] (-) TimerEvent: {}
[0.501567] (-) TimerEvent: {}
[0.601931] (-) TimerEvent: {}
[0.702284] (-) TimerEvent: {}
[0.802570] (-) TimerEvent: {}
[0.847155] (airhound_perception) Command: {'cmd': ['/usr/bin/python3', '-W', 'ignore:setup.py install is deprecated', '-W', 'ignore:easy_install command is deprecated', 'setup.py', 'egg_info', '--egg-base', '../../build/airhound_perception', 'build', '--build-base', '/home/rylan/Documents/school/EPPL/simulation_workspace/AIRHOUND/ws_ros2/build/airhound_perception/build', 'install', '--record', '/home/rylan/Documents/school/EPPL/simulation_workspace/AIRHOUND/ws_ros2/build/airhound_perception/install.log', '--single-version-externally-managed', 'install_data'], 'cwd': '/home/rylan/Documents/school/EPPL/simulation_workspace/AIRHOUND/ws_ros2/src/airhound_perception', 'env': {'KDE_FULL_SESSION': 'true', 'LESSOPEN': '| /usr/bin/lesspipe %s', 'PAM_KWALLET5_LOGIN': '/run/user/1000/kwallet5.socket', 'USER': 'rylan', 'ZED_ENVIRONMENT': 'worktree-shell', 'QT_SCREEN_SCALE_FACTORS': 'eDP-1=1;DP-1=1;HDMI-1=1;', 'XDG_SEAT': 'seat0', 'SSH_AGENT_PID': '3788', 'STM32CubeMX_PATH': '/home/rylan/Documents/school/spring_2025/CEC_320/CubeMX', 'XDG_SESSION_TYPE': 'x11', 'LD_LIBRARY_PATH': '/usr/local/cuda/lib64:/usr/local/cuda/lib64:', 'SHLVL': '2', 'XCURSOR_SIZE': '24', 'HOME': '/home/rylan', 'KDE_APPLICATIONS_AS_SCOPE': '1', 'OLDPWD': '/home/rylan/Documents/school/EPPL/simulation_workspace', 'DESKTOP_SESSION': 'plasma', 'NVM_BIN': '/home/rylan/.nvm/versions/node/v22.18.0/bin', 'TERM_PROGRAM_VERSION': '0.209.6', 'ZED_TERM': 'true', 'NVM_INC': '/home/rylan/.nvm/versions/node/v22.18.0/include/node', 'GTK_MODULES': 'gail:atk-bridge', 'GTK_RC_FILES': '/etc/gtk/gtkrc:/home/rylan/.gtkrc:/home/rylan/.config/gtkrc', 'KDE_SESSION_VERSION': '5', 'PAGER': '', 'XDG_SEAT_PATH': '/org/freedesktop/DisplayManager/Seat0', 'MANAGERPID': '3551', 'DBUS_SESSION_BUS_ADDRESS': 'unix:path=/run/user/1000/bus', 'GSM_SKIP_SSH_AGENT_WORKAROUND': 'true', 'SSH_ASKPASS': '/usr/bin/ksshaskpass', 'SYSTEMD_EXEC_PID': '4005', 'COLORTERM': 'truecolor', 'DEBUGINFOD_URLS': 'https://debuginfod.ubuntu.com', 'NVM_DIR': '/home/rylan/.nvm', 'IM_CONFIG_PHASE': '1', 'GTK_IM_MODULE': 'ibus', 'LOGNAME': 'rylan', 'JOURNAL_STREAM': '8:38591', 'QT_AUTO_SCREEN_SCALE_FACTOR': '0', 'WINDOWID': '4294967333', '_': 'AIRHOUND/ws_ros2', 'MEMORY_PRESSURE_WATCH': '/sys/fs/cgroup/user.slice/user-1000.slice/user@1000.service/session.slice/plasma-plasmashell.service/memory.pressure', 'PKG_CONFIG_PATH': '/usr/lib/x86_64-linux-gnu/pkgconfig:/usr/lib/x86_64-linux-gnu/pkgconfig:/usr/lib/x86_64-linux-gnu/pkgconfig:/usr/lib/x86_64-linux-gnu/pkgconfig:/usr/lib/x86_64-linux-gnu/pkgconfig:/usr/lib/x86_64-linux-gnu/pkgconfig:', 'XDG_SESSION_CLASS': 'user', 'TERM': 'xterm-256color', 'XDG_SESSION_ID': '3', 'RUSTUP_HOME': '/home/rylan/.rustup', 'GTK2_RC_FILES': '/etc/gtk-2.0/gtkrc:/home/rylan/.gtkrc-2.0:/home/rylan/.config/gtkrc-2.0', 'ZED_FORCE_CLI_MODE': '', 'PATH': '/home/rylan/.local/bin:/usr/local/texlive/2024/bin/x86_64-linux:/home/rylan/.local/bin:/home/rylan/.nvm/versions/node/v22.18.0/bin:/usr/local/texlive/2024/bin/x86_64-linux:/home/rylan/.local/bin:/usr/local/sbin:/usr/local/bin:/usr/sbin:/usr/bin:/sbin:/bin:/home/rylan/.cargo/bin:/snap/bin', 'INVOCATION_ID': '66c0cad962954647891dcb9365d91995', 'SESSION_MANAGER': 'local/TheMachine:@/tmp/.ICE-unix/3963,unix/TheMachine:/tmp/.ICE-unix/3963', 'XCURSOR_THEME': 'KDE_Classic', 'XDG_RUNTIME_DIR': '/run/user/1000', 'XDG_SESSION_PATH': '/org/freedesktop/DisplayManager/Session1', 'DISPLAY': ':0', 'ICEAUTHORITY': '/run/user/1000/iceauth_oVoHmu', 'LANG': 'en_US.UTF-8', 'XDG_CURRENT_DESKTOP': 'KDE', 'LS_COLORS': '', 'TERM_PROGRAM': 'zed', 'XAUTHORITY': '/tmp/xauth_qyBlxi', 'XDG_SESSION_DESKTOP': 'KDE', 'XMODIFIERS': '@im=ibus', 'SSH_AUTH_SOCK': '/tmp/ssh-sBPod3S0posb/agent.3666', 'SHELL': '/bin/bash', 'QT_ACCESSIBILITY': '1', 'LESSCLOSE': '/usr/bin/lesspipe %s %s', 'GPG_AGENT_INFO': '/run/user/1000/gnupg/S.gpg-agent:0:1', 'ALACRITTY_WINDOW_ID': '4294967333', 'QT_IM_MODULE': 'ibus', 'XDG_VTNR': '2', 'CUDA_HOME': '/usr/local/cuda', 'PWD': '/home/rylan/Documents/school/EPPL/simulation_workspace/AIRHOUND/ws_ros2/build/airhound_perception', 'CARGO_HOME': '/home/rylan/.cargo', 'CLUTTER_IM_MODULE': 'ibus', 'NVM_CD_FLAGS': '', 'XDG_CONFIG_DIRS': '/home/rylan/.config/kdedefaults:/etc/xdg/xdg-plasma:/etc/xdg:/usr/share/kubuntu-default-settings/kf5-settings', 'XDG_DATA_DIRS': '/usr/share/plasma:/usr/share/gnome:/home/rylan/.local/share/flatpak/exports/share:/var/lib/flatpak/exports/share:/usr/local/share:/usr/share:/var/lib/snapd/desktop', 'QTWEBENGINE_DICTIONARIES_PATH': '/usr/share/hunspell-bdic/', 'KDE_SESSION_UID': '1000', 'COLCON': '1', 'MEMORY_PRESSURE_WRITE': 'c29tZSAyMDAwMDAgMjAwMDAwMAA=', 'PYTHONPATH': '/home/rylan/Documents/school/EPPL/simulation_workspace/AIRHOUND/ws_ros2/build/airhound_perception/prefix_override:/usr/lib/python3/dist-packages/colcon_core/task/python/colcon_distutils_commands:/home/rylan/Documents/school/EPPL/simulation_workspace/AIRHOUND/ws_ros2/install/airhound_perception/lib/python3.12/site-packages:'}, 'shell': False}
[0.902742] (-) TimerEvent: {}
[1.002990] (-) TimerEvent: {}
[1.040791] (airhound_perception) StdoutLine: {'line': b'running egg_info\n'}
[1.050683] (airhound_perception) StdoutLine: {'line': b'writing ../../build/airhound_perception/airhound_perception.egg-info/PKG-INFO\n'}
[1.050951] (airhound_perception) StdoutLine: {'line': b'writing dependency_links to ../../build/airhound_perception/airhound_perception.egg-info/dependency_links.txt\n'}
[1.051210] (airhound_perception) StdoutLine: {'line': b'writing entry points to ../../build/airhound_perception/airhound_perception.egg-info/entry_points.txt\n'}
[1.051280] (airhound_perception) StdoutLine: {'line': b'writing requirements to ../../build/airhound_perception/airhound_perception.egg-info/requires.txt\n'}
[1.051338] (airhound_perception) StdoutLine: {'line': b'writing top-level names to ../../build/airhound_perception/airhound_perception.egg-info/top_level.txt\n'}
[1.072465] (airhound_perception) StdoutLine: {'line': b"reading manifest file '../../build/airhound_perception/airhound_perception.egg-info/SOURCES.txt'\n"}
[1.073622] (airhound_perception) StdoutLine: {'line': b"writing manifest file '../../build/airhound_perception/airhound_perception.egg-info/SOURCES.txt'\n"}
[1.073759] (airhound_perception) StdoutLine: {'line': b'running build\n'}
[1.073835] (airhound_perception) StdoutLine: {'line': b'running build_py\n'}
[1.074117] (airhound_perception) StdoutLine: {'line': b'running install\n'}
[1.080533] (airhound_perception) StdoutLine: {'line': b'running install_lib\n'}
[1.091335] (airhound_perception) StdoutLine: {'line': b'running install_data\n'}
[1.091617] (airhound_perception) StdoutLine: {'line': b'running install_egg_info\n'}
[1.103110] (airhound_perception) StdoutLine: {'line': b"removing '/home/rylan/Documents/school/EPPL/simulation_workspace/AIRHOUND/ws_ros2/install/airhound_perception/lib/python3.12/site-packages/airhound_perception-0.0.1-py3.12.egg-info' (and everything under it)\n"}
[1.103283] (-) TimerEvent: {}
[1.103357] (airhound_perception) StdoutLine: {'line': b'Copying ../../build/airhound_perception/airhound_perception.egg-info to /home/rylan/Documents/school/EPPL/simulation_workspace/AIRHOUND/ws_ros2/install/airhound_perception/lib/python3.12/site-packages/airhound_perception-0.0.1-py3.12.egg-info\n'}
[1.104104] (airhound_perception) StdoutLine: {'line': b'running install_scripts\n'}
[1.185408] (airhound_perception) StdoutLine: {'line': b'Installing detector_node script to /home/rylan/Documents/school/EPPL/simulation_workspace/AIRHOUND/ws_ros2/install/airhound_perception/lib/airhound_perception\n'}
[1.185552] (airhound_perception) StdoutLine: {'line': b'Installing mock_detector script to /home/rylan/Documents/school/EPPL/simulation_workspace/AIRHOUND/ws_ros2/install/airhound_perception/lib/airhound_perception\n'}
[1.185805] (airhound_perception) StdoutLine: {'line': b'Installing synthetic_camera script to /home/rylan/Documents/school/EPPL/simulation_workspace/AIRHOUND/ws_ros2/install/airhound_perception/lib/airhound_perception\n'}
[1.185941] (airhound_perception) StdoutLine: {'line': b"writing list of installed files to '/home/rylan/Documents/school/EPPL/simulation_workspace/AIRHOUND/ws_ros2/build/airhound_perception/install.log'\n"}
[1.203373] (-) TimerEvent: {}
[1.208766] (airhound_perception) CommandEnded: {'returncode': 0}
[1.227545] (airhound_perception) JobEnded: {'identifier': 'airhound_perception', 'rc': 0}
[1.228083] (-) EventReactorShutdown: {}
