running egg_info
writing ../../build/airhound_perception/airhound_perception.egg-info/PKG-INFO
writing dependency_links to ../../build/airhound_perception/airhound_perception.egg-info/dependency_links.txt
writing entry points to ../../build/airhound_perception/airhound_perception.egg-info/entry_points.txt
writing requirements to ../../build/airhound_perception/airhound_perception.egg-info/requires.txt
writing top-level names to ../../build/airhound_perception/airhound_perception.egg-info/top_level.txt
reading manifest file '../../build/airhound_perception/airhound_perception.egg-info/SOURCES.txt'
writing manifest file '../../build/airhound_perception/airhound_perception.egg-info/SOURCES.txt'
running build
running build_py
copying airhound_perception/mock_detector.py -> /home/rylan/Documents/school/EPPL/simulation_workspace/AIRHOUND/ws_ros2/build/airhound_perception/build/lib/airhound_perception
running install
running install_lib
copying /home/rylan/Documents/school/EPPL/simulation_workspace/AIRHOUND/ws_ros2/build/airhound_perception/build/lib/airhound_perception/mock_detector.py -> /home/rylan/Documents/school/EPPL/simulation_workspace/AIRHOUND/ws_ros2/install/airhound_perception/lib/python3.12/site-packages/airhound_perception
byte-compiling /home/rylan/Documents/school/EPPL/simulation_workspace/AIRHOUND/ws_ros2/install/airhound_perception/lib/python3.12/site-packages/airhound_perception/mock_detector.py to mock_detector.cpython-312.pyc
running install_data
copying launch/sim_test.launch.py -> /home/rylan/Documents/school/EPPL/simulation_workspace/AIRHOUND/ws_ros2/install/airhound_perception/share/airhound_perception/launch
running install_egg_info
removing '/home/rylan/Documents/school/EPPL/simulation_workspace/AIRHOUND/ws_ros2/install/airhound_perception/lib/python3.12/site-packages/airhound_perception-0.0.1-py3.12.egg-info' (and everything under it)
Copying ../../build/airhound_perception/airhound_perception.egg-info to /home/rylan/Documents/school/EPPL/simulation_workspace/AIRHOUND/ws_ros2/install/airhound_perception/lib/python3.12/site-packages/airhound_perception-0.0.1-py3.12.egg-info
running install_scripts
Installing detector_node script to /home/rylan/Documents/school/EPPL/simulation_workspace/AIRHOUND/ws_ros2/install/airhound_perception/lib/airhound_perception
Installing mock_detector script to /home/rylan/Documents/school/EPPL/simulation_workspace/AIRHOUND/ws_ros2/install/airhound_perception/lib/airhound_perception
Installing synthetic_camera script to /home/rylan/Documents/school/EPPL/simulation_workspace/AIRHOUND/ws_ros2/install/airhound_perception/lib/airhound_perception
writing list of installed files to '/home/rylan/Documents/school/EPPL/simulation_workspace/AIRHOUND/ws_ros2/build/airhound_perception/install.log'
